Archive member included to satisfy reference by file (symbol)

/usr/bin/../lib/gcc/arm-none-eabi/7.3.1/thumb/v7-m/libgcc.a(_aeabi_uldivmod.o)
                              hwlib.o (__aeabi_uldivmod)
/usr/bin/../lib/gcc/arm-none-eabi/7.3.1/thumb/v7-m/libgcc.a(_udivmoddi4.o)
                              /usr/bin/../lib/gcc/arm-none-eabi/7.3.1/thumb/v7-m/libgcc.a(_aeabi_uldivmod.o) (__udivmoddi4)
/usr/bin/../lib/gcc/arm-none-eabi/7.3.1/thumb/v7-m/libgcc.a(_dvmd_tls.o)
                              /usr/bin/../lib/gcc/arm-none-eabi/7.3.1/thumb/v7-m/libgcc.a(_aeabi_uldivmod.o) (__aeabi_ldiv0)

Allocating common symbols
Common symbol       size              file

__dso_handle        0x4               bmptk_cortex.o

Discarded input sections

 .group         0x0000000000000000        0x8 NRF24L01/NRF24L01Plus.o
 .group         0x0000000000000000        0x8 NRF24L01/NRF24L01Plus.o
 .group         0x0000000000000000        0x8 NRF24L01/NRF24L01Plus.o
 .group         0x0000000000000000        0x8 NRF24L01/NRF24L01Plus.o
 .group         0x0000000000000000        0x8 NRF24L01/NRF24L01Plus.o
 .group         0x0000000000000000        0x8 NRF24L01/NRF24L01Plus.o
 .group         0x0000000000000000        0x8 NRF24L01/NRF24L01Plus.o
 .group         0x0000000000000000        0x8 NRF24L01/NRF24L01Plus.o
 .group         0x0000000000000000        0x8 NRF24L01/NRF24L01Plus.o
 .text          0x0000000000000000        0x0 NRF24L01/NRF24L01Plus.o
 .data          0x0000000000000000        0x0 NRF24L01/NRF24L01Plus.o
 .bss           0x0000000000000000        0x0 NRF24L01/NRF24L01Plus.o
 .text._ZN5hwlib9uart_putcEc
                0x0000000000000000        0x4 NRF24L01/NRF24L01Plus.o
 .text._ZN5hwlib19uart_char_availableEv
                0x0000000000000000        0x4 NRF24L01/NRF24L01Plus.o
 .text._ZN5hwlib9uart_getcEv
                0x0000000000000000        0x4 NRF24L01/NRF24L01Plus.o
 .text._ZN8NRF24L0112NRF24L01Plus12no_operationEv
                0x0000000000000000       0x20 NRF24L01/NRF24L01Plus.o
 .text._ZN8NRF24L0112NRF24L01Plus8flush_rxEv
                0x0000000000000000       0x20 NRF24L01/NRF24L01Plus.o
 .text._ZN8NRF24L0112NRF24L01Plus8flush_txEv
                0x0000000000000000       0x20 NRF24L01/NRF24L01Plus.o
 .text._ZN8NRF24L0112NRF24L01Plus24send_buffered_tx_payloadEv
                0x0000000000000000       0x22 NRF24L01/NRF24L01Plus.o
 .text._ZN8NRF24L0112NRF24L01Plus16write_tx_payloadEPhRKh
                0x0000000000000000       0x28 NRF24L01/NRF24L01Plus.o
 .rodata._ZN8NRF24L0115NRF_INSTRUCTION8RF24_NOPE
                0x0000000000000000        0x1 NRF24L01/NRF24L01Plus.o
 .rodata._ZN8NRF24L0115NRF_INSTRUCTION8FLUSH_RXE
                0x0000000000000000        0x1 NRF24L01/NRF24L01Plus.o
 .rodata._ZN8NRF24L0115NRF_INSTRUCTION8FLUSH_TXE
                0x0000000000000000        0x1 NRF24L01/NRF24L01Plus.o
 .rodata._ZN8NRF24L0115NRF_INSTRUCTION12W_TX_PAYLOADE
                0x0000000000000000        0x1 NRF24L01/NRF24L01Plus.o
 .group         0x0000000000000000        0x8 NRF24L01/RXPipe.o
 .group         0x0000000000000000        0x8 NRF24L01/RXPipe.o
 .group         0x0000000000000000        0x8 NRF24L01/RXPipe.o
 .group         0x0000000000000000        0x8 NRF24L01/RXPipe.o
 .group         0x0000000000000000        0x8 NRF24L01/RXPipe.o
 .group         0x0000000000000000        0x8 NRF24L01/RXPipe.o
 .text          0x0000000000000000        0x0 NRF24L01/RXPipe.o
 .data          0x0000000000000000        0x0 NRF24L01/RXPipe.o
 .bss           0x0000000000000000        0x0 NRF24L01/RXPipe.o
 .text._ZN11stm32f103c88pin_infoENS_4pinsE
                0x0000000000000000       0x20 NRF24L01/RXPipe.o
 .text._ZN11stm32f103c814port_registersEm
                0x0000000000000000       0x48 NRF24L01/RXPipe.o
 .text._ZN11stm32f103c812ticks_per_usEv
                0x0000000000000000        0x6 NRF24L01/RXPipe.o
 .text._ZN11stm32f103c89now_ticksEv
                0x0000000000000000       0x64 NRF24L01/RXPipe.o
 .text._ZN5hwlib9uart_putcEc
                0x0000000000000000        0x4 NRF24L01/RXPipe.o
 .text._ZN5hwlib19uart_char_availableEv
                0x0000000000000000        0x4 NRF24L01/RXPipe.o
 .text._ZN5hwlib9uart_getcEv
                0x0000000000000000        0x4 NRF24L01/RXPipe.o
 .text._ZN8NRF24L016RXPipe20auto_acknowledgementEb
                0x0000000000000000       0x44 NRF24L01/RXPipe.o
 .text._ZN8NRF24L016RXPipe10getAddressEPh
                0x0000000000000000       0x6c NRF24L01/RXPipe.o
 .text._ZN8NRF24L016RXPipe15getPayloadWidthEPh
                0x0000000000000000       0x20 NRF24L01/RXPipe.o
 .text._ZN8NRF24L016RXPipe22setDynamicPacketLengthEb
                0x0000000000000000       0x44 NRF24L01/RXPipe.o
 .rodata._ZN8NRF24L0112NRF_REGISTER10RX_ADDR_P1E
                0x0000000000000000        0x1 NRF24L01/RXPipe.o
 .rodata._ZN8NRF24L0112NRF_REGISTER8SETUP_AWE
                0x0000000000000000        0x1 NRF24L01/RXPipe.o
 .bss._ZZN11stm32f103c89now_ticksEvE4high
                0x0000000000000000        0x8 NRF24L01/RXPipe.o
 .bss._ZZN11stm32f103c89now_ticksEvE8last_low
                0x0000000000000000        0x4 NRF24L01/RXPipe.o
 .bss._ZZN11stm32f103c89now_ticksEvE9init_done
                0x0000000000000000        0x1 NRF24L01/RXPipe.o
 .rodata._ZN11stm32f103c88pin_infoENS_4pinsE.str1.1
                0x0000000000000000       0x39 NRF24L01/RXPipe.o
 .rodata._ZZN11stm32f103c88pin_infoENS_4pinsEE14pin_info_array
                0x0000000000000000       0x62 NRF24L01/RXPipe.o
 .group         0x0000000000000000        0x8 NRF24L01/RXPipeAll.o
 .group         0x0000000000000000        0x8 NRF24L01/RXPipeAll.o
 .group         0x0000000000000000        0x8 NRF24L01/RXPipeAll.o
 .text          0x0000000000000000        0x0 NRF24L01/RXPipeAll.o
 .data          0x0000000000000000        0x0 NRF24L01/RXPipeAll.o
 .bss           0x0000000000000000        0x0 NRF24L01/RXPipeAll.o
 .text._ZN11stm32f103c88pin_infoENS_4pinsE
                0x0000000000000000       0x20 NRF24L01/RXPipeAll.o
 .text._ZN11stm32f103c814port_registersEm
                0x0000000000000000       0x48 NRF24L01/RXPipeAll.o
 .text._ZN11stm32f103c812ticks_per_usEv
                0x0000000000000000        0x6 NRF24L01/RXPipeAll.o
 .text._ZN11stm32f103c89now_ticksEv
                0x0000000000000000       0x64 NRF24L01/RXPipeAll.o
 .text._ZN5hwlib9uart_putcEc
                0x0000000000000000        0x4 NRF24L01/RXPipeAll.o
 .text._ZN5hwlib19uart_char_availableEv
                0x0000000000000000        0x4 NRF24L01/RXPipeAll.o
 .text._ZN5hwlib9uart_getcEv
                0x0000000000000000        0x4 NRF24L01/RXPipeAll.o
 .text._ZN8NRF24L019RXPipeAll4fillEb
                0x0000000000000000        0x6 NRF24L01/RXPipeAll.o
 .text._ZN8NRF24L019RXPipeAll15setPayloadWidthERKh
                0x0000000000000000       0x26 NRF24L01/RXPipeAll.o
 .rodata._ZN8NRF24L0112NRF_REGISTER5DYNPDE
                0x0000000000000000        0x1 NRF24L01/RXPipeAll.o
 .rodata._ZN8NRF24L0112NRF_REGISTER9EN_RXADDRE
                0x0000000000000000        0x1 NRF24L01/RXPipeAll.o
 .rodata._ZN8NRF24L0112NRF_REGISTER5EN_AAE
                0x0000000000000000        0x1 NRF24L01/RXPipeAll.o
 .bss._ZZN11stm32f103c89now_ticksEvE4high
                0x0000000000000000        0x8 NRF24L01/RXPipeAll.o
 .bss._ZZN11stm32f103c89now_ticksEvE8last_low
                0x0000000000000000        0x4 NRF24L01/RXPipeAll.o
 .bss._ZZN11stm32f103c89now_ticksEvE9init_done
                0x0000000000000000        0x1 NRF24L01/RXPipeAll.o
 .rodata._ZN11stm32f103c88pin_infoENS_4pinsE.str1.1
                0x0000000000000000       0x39 NRF24L01/RXPipeAll.o
 .rodata._ZZN11stm32f103c88pin_infoENS_4pinsEE14pin_info_array
                0x0000000000000000       0x62 NRF24L01/RXPipeAll.o
 .text          0x0000000000000000        0x0 SPI/spi_base.o
 .data          0x0000000000000000        0x0 SPI/spi_base.o
 .bss           0x0000000000000000        0x0 SPI/spi_base.o
 .text._ZN11stm32f103c88pin_infoENS_4pinsE
                0x0000000000000000       0x20 SPI/spi_base.o
 .text._ZN11stm32f103c814port_registersEm
                0x0000000000000000       0x48 SPI/spi_base.o
 .text._ZN11stm32f103c812ticks_per_usEv
                0x0000000000000000        0x6 SPI/spi_base.o
 .text._ZN11stm32f103c89now_ticksEv
                0x0000000000000000       0x64 SPI/spi_base.o
 .text._ZN5hwlib9uart_putcEc
                0x0000000000000000        0x4 SPI/spi_base.o
 .text._ZN5hwlib19uart_char_availableEv
                0x0000000000000000        0x4 SPI/spi_base.o
 .text._ZN5hwlib9uart_getcEv
                0x0000000000000000        0x4 SPI/spi_base.o
 .text._ZN8hwlib_ex12spi_base_bus15spi_transaction5writeEjPKh
                0x0000000000000000       0x12 SPI/spi_base.o
 .text._ZN8hwlib_ex12spi_base_bus15spi_transaction13write_reverseEjPKh
                0x0000000000000000       0x12 SPI/spi_base.o
 .text._ZN8hwlib_ex12spi_base_bus15spi_transaction4readEjPh
                0x0000000000000000       0x14 SPI/spi_base.o
 .text._ZN8hwlib_ex12spi_base_bus15spi_transaction12read_reverseEjPh
                0x0000000000000000       0x14 SPI/spi_base.o
 .text._ZN8hwlib_ex12spi_base_bus15spi_transaction9read_byteEPKh
                0x0000000000000000       0x16 SPI/spi_base.o
 .text._ZN8hwlib_ex12spi_base_bus15spi_transaction10write_byteERKhPh
                0x0000000000000000       0x1a SPI/spi_base.o
 .text._ZN8hwlib_ex8spi_modeC2Ev
                0x0000000000000000        0xe SPI/spi_base.o
 .bss._ZZN11stm32f103c89now_ticksEvE4high
                0x0000000000000000        0x8 SPI/spi_base.o
 .bss._ZZN11stm32f103c89now_ticksEvE8last_low
                0x0000000000000000        0x4 SPI/spi_base.o
 .bss._ZZN11stm32f103c89now_ticksEvE9init_done
                0x0000000000000000        0x1 SPI/spi_base.o
 .rodata._ZN11stm32f103c88pin_infoENS_4pinsE.str1.1
                0x0000000000000000       0x39 SPI/spi_base.o
 .rodata._ZZN11stm32f103c88pin_infoENS_4pinsEE14pin_info_array
                0x0000000000000000       0x62 SPI/spi_base.o
 .group         0x0000000000000000        0x8 SPI/spi_bitbang.o
 .group         0x0000000000000000        0x8 SPI/spi_bitbang.o
 .group         0x0000000000000000        0x8 SPI/spi_bitbang.o
 .group         0x0000000000000000        0x8 SPI/spi_bitbang.o
 .group         0x0000000000000000        0xc SPI/spi_bitbang.o
 .group         0x0000000000000000        0xc SPI/spi_bitbang.o
 .text          0x0000000000000000        0x0 SPI/spi_bitbang.o
 .data          0x0000000000000000        0x0 SPI/spi_bitbang.o
 .bss           0x0000000000000000        0x0 SPI/spi_bitbang.o
 .text._ZN11stm32f103c88pin_infoENS_4pinsE
                0x0000000000000000       0x20 SPI/spi_bitbang.o
 .text._ZN11stm32f103c814port_registersEm
                0x0000000000000000       0x48 SPI/spi_bitbang.o
 .text._ZN11stm32f103c812ticks_per_usEv
                0x0000000000000000        0x6 SPI/spi_bitbang.o
 .text._ZN11stm32f103c89now_ticksEv
                0x0000000000000000       0x64 SPI/spi_bitbang.o
 .text._ZN5hwlib9uart_putcEc
                0x0000000000000000        0x4 SPI/spi_bitbang.o
 .text._ZN5hwlib19uart_char_availableEv
                0x0000000000000000        0x4 SPI/spi_bitbang.o
 .text._ZN5hwlib9uart_getcEv
                0x0000000000000000        0x4 SPI/spi_bitbang.o
 .bss._ZZN11stm32f103c89now_ticksEvE4high
                0x0000000000000000        0x8 SPI/spi_bitbang.o
 .bss._ZZN11stm32f103c89now_ticksEvE8last_low
                0x0000000000000000        0x4 SPI/spi_bitbang.o
 .bss._ZZN11stm32f103c89now_ticksEvE9init_done
                0x0000000000000000        0x1 SPI/spi_bitbang.o
 .rodata._ZN11stm32f103c88pin_infoENS_4pinsE.str1.1
                0x0000000000000000       0x39 SPI/spi_bitbang.o
 .rodata._ZZN11stm32f103c88pin_infoENS_4pinsEE14pin_info_array
                0x0000000000000000       0x62 SPI/spi_bitbang.o
 .group         0x0000000000000000        0x8 hwlib.o
 .group         0x0000000000000000        0x8 hwlib.o
 .group         0x0000000000000000        0x8 hwlib.o
 .group         0x0000000000000000        0x8 hwlib.o
 .group         0x0000000000000000        0x8 hwlib.o
 .group         0x0000000000000000        0x8 hwlib.o
 .group         0x0000000000000000        0x8 hwlib.o
 .group         0x0000000000000000        0x8 hwlib.o
 .group         0x0000000000000000        0x8 hwlib.o
 .group         0x0000000000000000        0x8 hwlib.o
 .group         0x0000000000000000        0x8 hwlib.o
 .group         0x0000000000000000        0x8 hwlib.o
 .group         0x0000000000000000        0x8 hwlib.o
 .group         0x0000000000000000        0x8 hwlib.o
 .group         0x0000000000000000        0x8 hwlib.o
 .group         0x0000000000000000        0x8 hwlib.o
 .group         0x0000000000000000        0x8 hwlib.o
 .group         0x0000000000000000        0x8 hwlib.o
 .group         0x0000000000000000        0x8 hwlib.o
 .group         0x0000000000000000        0x8 hwlib.o
 .group         0x0000000000000000        0x8 hwlib.o
 .group         0x0000000000000000        0x8 hwlib.o
 .group         0x0000000000000000        0x8 hwlib.o
 .group         0x0000000000000000        0x8 hwlib.o
 .group         0x0000000000000000        0x8 hwlib.o
 .group         0x0000000000000000        0x8 hwlib.o
 .group         0x0000000000000000        0x8 hwlib.o
 .group         0x0000000000000000        0x8 hwlib.o
 .group         0x0000000000000000        0x8 hwlib.o
 .group         0x0000000000000000        0x8 hwlib.o
 .group         0x0000000000000000        0x8 hwlib.o
 .group         0x0000000000000000        0x8 hwlib.o
 .group         0x0000000000000000        0x8 hwlib.o
 .group         0x0000000000000000        0x8 hwlib.o
 .group         0x0000000000000000        0x8 hwlib.o
 .group         0x0000000000000000        0x8 hwlib.o
 .group         0x0000000000000000        0x8 hwlib.o
 .group         0x0000000000000000        0x8 hwlib.o
 .group         0x0000000000000000        0x8 hwlib.o
 .group         0x0000000000000000        0x8 hwlib.o
 .group         0x0000000000000000        0x8 hwlib.o
 .group         0x0000000000000000        0x8 hwlib.o
 .group         0x0000000000000000        0x8 hwlib.o
 .group         0x0000000000000000        0x8 hwlib.o
 .group         0x0000000000000000        0x8 hwlib.o
 .group         0x0000000000000000        0x8 hwlib.o
 .group         0x0000000000000000        0x8 hwlib.o
 .group         0x0000000000000000        0x8 hwlib.o
 .group         0x0000000000000000        0x8 hwlib.o
 .group         0x0000000000000000        0x8 hwlib.o
 .group         0x0000000000000000        0x8 hwlib.o
 .group         0x0000000000000000        0x8 hwlib.o
 .group         0x0000000000000000        0x8 hwlib.o
 .group         0x0000000000000000        0x8 hwlib.o
 .group         0x0000000000000000        0x8 hwlib.o
 .group         0x0000000000000000        0x8 hwlib.o
 .group         0x0000000000000000        0x8 hwlib.o
 .group         0x0000000000000000        0x8 hwlib.o
 .group         0x0000000000000000        0x8 hwlib.o
 .group         0x0000000000000000        0x8 hwlib.o
 .group         0x0000000000000000        0x8 hwlib.o
 .group         0x0000000000000000        0x8 hwlib.o
 .group         0x0000000000000000        0x8 hwlib.o
 .group         0x0000000000000000        0x8 hwlib.o
 .group         0x0000000000000000        0x8 hwlib.o
 .group         0x0000000000000000        0x8 hwlib.o
 .group         0x0000000000000000        0x8 hwlib.o
 .group         0x0000000000000000        0x8 hwlib.o
 .group         0x0000000000000000        0x8 hwlib.o
 .group         0x0000000000000000        0x8 hwlib.o
 .group         0x0000000000000000        0x8 hwlib.o
 .group         0x0000000000000000        0x8 hwlib.o
 .group         0x0000000000000000        0x8 hwlib.o
 .group         0x0000000000000000        0x8 hwlib.o
 .group         0x0000000000000000        0x8 hwlib.o
 .group         0x0000000000000000        0x8 hwlib.o
 .group         0x0000000000000000        0x8 hwlib.o
 .group         0x0000000000000000        0x8 hwlib.o
 .group         0x0000000000000000        0x8 hwlib.o
 .group         0x0000000000000000        0x8 hwlib.o
 .group         0x0000000000000000        0x8 hwlib.o
 .group         0x0000000000000000        0x8 hwlib.o
 .group         0x0000000000000000        0x8 hwlib.o
 .group         0x0000000000000000        0x8 hwlib.o
 .group         0x0000000000000000        0x8 hwlib.o
 .group         0x0000000000000000        0x8 hwlib.o
 .group         0x0000000000000000        0x8 hwlib.o
 .group         0x0000000000000000        0x8 hwlib.o
 .group         0x0000000000000000        0x8 hwlib.o
 .group         0x0000000000000000        0x8 hwlib.o
 .group         0x0000000000000000        0x8 hwlib.o
 .group         0x0000000000000000        0x8 hwlib.o
 .group         0x0000000000000000        0x8 hwlib.o
 .group         0x0000000000000000        0x8 hwlib.o
 .group         0x0000000000000000        0x8 hwlib.o
 .group         0x0000000000000000        0x8 hwlib.o
 .group         0x0000000000000000        0x8 hwlib.o
 .group         0x0000000000000000        0x8 hwlib.o
 .group         0x0000000000000000        0x8 hwlib.o
 .group         0x0000000000000000        0x8 hwlib.o
 .group         0x0000000000000000        0x8 hwlib.o
 .group         0x0000000000000000        0x8 hwlib.o
 .group         0x0000000000000000        0x8 hwlib.o
 .group         0x0000000000000000        0x8 hwlib.o
 .group         0x0000000000000000        0x8 hwlib.o
 .group         0x0000000000000000        0x8 hwlib.o
 .group         0x0000000000000000        0x8 hwlib.o
 .group         0x0000000000000000        0x8 hwlib.o
 .group         0x0000000000000000        0x8 hwlib.o
 .group         0x0000000000000000        0x8 hwlib.o
 .group         0x0000000000000000        0x8 hwlib.o
 .group         0x0000000000000000        0x8 hwlib.o
 .group         0x0000000000000000        0x8 hwlib.o
 .group         0x0000000000000000        0x8 hwlib.o
 .group         0x0000000000000000        0x8 hwlib.o
 .group         0x0000000000000000        0x8 hwlib.o
 .group         0x0000000000000000        0x8 hwlib.o
 .group         0x0000000000000000        0x8 hwlib.o
 .group         0x0000000000000000        0x8 hwlib.o
 .group         0x0000000000000000        0x8 hwlib.o
 .group         0x0000000000000000        0x8 hwlib.o
 .group         0x0000000000000000        0x8 hwlib.o
 .group         0x0000000000000000        0x8 hwlib.o
 .group         0x0000000000000000        0x8 hwlib.o
 .group         0x0000000000000000        0x8 hwlib.o
 .group         0x0000000000000000        0x8 hwlib.o
 .group         0x0000000000000000        0x8 hwlib.o
 .group         0x0000000000000000        0x8 hwlib.o
 .group         0x0000000000000000        0x8 hwlib.o
 .group         0x0000000000000000        0x8 hwlib.o
 .group         0x0000000000000000        0x8 hwlib.o
 .group         0x0000000000000000        0x8 hwlib.o
 .group         0x0000000000000000        0x8 hwlib.o
 .group         0x0000000000000000        0x8 hwlib.o
 .group         0x0000000000000000        0x8 hwlib.o
 .group         0x0000000000000000        0x8 hwlib.o
 .group         0x0000000000000000        0x8 hwlib.o
 .group         0x0000000000000000        0x8 hwlib.o
 .group         0x0000000000000000        0x8 hwlib.o
 .group         0x0000000000000000        0x8 hwlib.o
 .group         0x0000000000000000        0x8 hwlib.o
 .group         0x0000000000000000        0x8 hwlib.o
 .group         0x0000000000000000        0x8 hwlib.o
 .group         0x0000000000000000        0x8 hwlib.o
 .group         0x0000000000000000        0x8 hwlib.o
 .group         0x0000000000000000        0x8 hwlib.o
 .group         0x0000000000000000        0x8 hwlib.o
 .group         0x0000000000000000        0x8 hwlib.o
 .group         0x0000000000000000        0x8 hwlib.o
 .group         0x0000000000000000        0x8 hwlib.o
 .group         0x0000000000000000        0x8 hwlib.o
 .group         0x0000000000000000        0x8 hwlib.o
 .group         0x0000000000000000        0x8 hwlib.o
 .group         0x0000000000000000        0x8 hwlib.o
 .group         0x0000000000000000        0x8 hwlib.o
 .group         0x0000000000000000        0x8 hwlib.o
 .group         0x0000000000000000        0x8 hwlib.o
 .group         0x0000000000000000        0x8 hwlib.o
 .group         0x0000000000000000        0x8 hwlib.o
 .group         0x0000000000000000        0x8 hwlib.o
 .group         0x0000000000000000        0x8 hwlib.o
 .group         0x0000000000000000        0x8 hwlib.o
 .group         0x0000000000000000        0x8 hwlib.o
 .group         0x0000000000000000        0x8 hwlib.o
 .group         0x0000000000000000        0x8 hwlib.o
 .group         0x0000000000000000        0x8 hwlib.o
 .group         0x0000000000000000        0x8 hwlib.o
 .group         0x0000000000000000        0x8 hwlib.o
 .group         0x0000000000000000        0x8 hwlib.o
 .group         0x0000000000000000        0x8 hwlib.o
 .group         0x0000000000000000        0x8 hwlib.o
 .group         0x0000000000000000        0x8 hwlib.o
 .group         0x0000000000000000        0x8 hwlib.o
 .group         0x0000000000000000        0x8 hwlib.o
 .group         0x0000000000000000        0x8 hwlib.o
 .group         0x0000000000000000        0x8 hwlib.o
 .group         0x0000000000000000        0x8 hwlib.o
 .group         0x0000000000000000        0x8 hwlib.o
 .group         0x0000000000000000        0x8 hwlib.o
 .group         0x0000000000000000        0x8 hwlib.o
 .group         0x0000000000000000        0x8 hwlib.o
 .group         0x0000000000000000        0x8 hwlib.o
 .group         0x0000000000000000        0xc hwlib.o
 .group         0x0000000000000000        0x8 hwlib.o
 .group         0x0000000000000000        0x8 hwlib.o
 .group         0x0000000000000000        0x8 hwlib.o
 .group         0x0000000000000000        0xc hwlib.o
 .group         0x0000000000000000        0xc hwlib.o
 .group         0x0000000000000000        0x8 hwlib.o
 .group         0x0000000000000000        0xc hwlib.o
 .group         0x0000000000000000        0xc hwlib.o
 .group         0x0000000000000000        0x8 hwlib.o
 .group         0x0000000000000000        0xc hwlib.o
 .group         0x0000000000000000        0xc hwlib.o
 .group         0x0000000000000000        0xc hwlib.o
 .group         0x0000000000000000        0xc hwlib.o
 .group         0x0000000000000000        0xc hwlib.o
 .group         0x0000000000000000        0xc hwlib.o
 .group         0x0000000000000000        0xc hwlib.o
 .group         0x0000000000000000        0xc hwlib.o
 .group         0x0000000000000000        0xc hwlib.o
 .group         0x0000000000000000        0xc hwlib.o
 .group         0x0000000000000000        0xc hwlib.o
 .group         0x0000000000000000        0xc hwlib.o
 .group         0x0000000000000000        0xc hwlib.o
 .group         0x0000000000000000        0xc hwlib.o
 .group         0x0000000000000000        0xc hwlib.o
 .group         0x0000000000000000        0xc hwlib.o
 .group         0x0000000000000000        0xc hwlib.o
 .group         0x0000000000000000        0xc hwlib.o
 .group         0x0000000000000000        0xc hwlib.o
 .group         0x0000000000000000        0xc hwlib.o
 .group         0x0000000000000000        0xc hwlib.o
 .group         0x0000000000000000        0xc hwlib.o
 .group         0x0000000000000000        0xc hwlib.o
 .group         0x0000000000000000        0xc hwlib.o
 .group         0x0000000000000000        0xc hwlib.o
 .group         0x0000000000000000        0xc hwlib.o
 .group         0x0000000000000000        0xc hwlib.o
 .group         0x0000000000000000        0xc hwlib.o
 .group         0x0000000000000000        0xc hwlib.o
 .group         0x0000000000000000        0xc hwlib.o
 .group         0x0000000000000000        0xc hwlib.o
 .group         0x0000000000000000        0xc hwlib.o
 .group         0x0000000000000000        0xc hwlib.o
 .group         0x0000000000000000        0xc hwlib.o
 .group         0x0000000000000000        0xc hwlib.o
 .group         0x0000000000000000        0xc hwlib.o
 .group         0x0000000000000000        0xc hwlib.o
 .group         0x0000000000000000        0xc hwlib.o
 .group         0x0000000000000000        0xc hwlib.o
 .group         0x0000000000000000        0xc hwlib.o
 .group         0x0000000000000000        0xc hwlib.o
 .group         0x0000000000000000        0xc hwlib.o
 .group         0x0000000000000000        0xc hwlib.o
 .group         0x0000000000000000        0xc hwlib.o
 .group         0x0000000000000000        0xc hwlib.o
 .group         0x0000000000000000        0xc hwlib.o
 .group         0x0000000000000000        0xc hwlib.o
 .group         0x0000000000000000        0xc hwlib.o
 .group         0x0000000000000000        0xc hwlib.o
 .group         0x0000000000000000        0xc hwlib.o
 .group         0x0000000000000000        0xc hwlib.o
 .group         0x0000000000000000        0xc hwlib.o
 .group         0x0000000000000000        0xc hwlib.o
 .group         0x0000000000000000        0xc hwlib.o
 .group         0x0000000000000000        0xc hwlib.o
 .group         0x0000000000000000        0xc hwlib.o
 .group         0x0000000000000000        0xc hwlib.o
 .text          0x0000000000000000        0x0 hwlib.o
 .data          0x0000000000000000        0x0 hwlib.o
 .bss           0x0000000000000000        0x0 hwlib.o
 .text._ZN5hwlib18pin_in_out_dummy_t5writeEb
                0x0000000000000000        0x2 hwlib.o
 .text._ZN5hwlib18pin_in_out_dummy_t4readEv
                0x0000000000000000        0x4 hwlib.o
 .text._ZN5hwlib18pin_in_out_dummy_t19direction_set_inputEv
                0x0000000000000000        0x2 hwlib.o
 .text._ZN5hwlib18pin_in_out_dummy_t20direction_set_outputEv
                0x0000000000000000        0x2 hwlib.o
 .text._ZN5hwlib18pin_in_out_dummy_t5flushEv
                0x0000000000000000        0x2 hwlib.o
 .text._ZN5hwlib18pin_in_out_dummy_t7refreshEv
                0x0000000000000000        0x2 hwlib.o
 .text._ZN5hwlib18pin_in_out_dummy_t15direction_flushEv
                0x0000000000000000        0x2 hwlib.o
 .text._ZN5hwlib14pin_in_dummy_t4readEv
                0x0000000000000000        0x4 hwlib.o
 .text._ZN5hwlib14pin_in_dummy_t7refreshEv
                0x0000000000000000        0x2 hwlib.o
 .text._ZN5hwlib15pin_out_dummy_t5writeEb
                0x0000000000000000        0x2 hwlib.o
 .text._ZN5hwlib15pin_out_dummy_t5flushEv
                0x0000000000000000        0x2 hwlib.o
 .text._ZN5hwlib14pin_oc_dummy_t5writeEb
                0x0000000000000000        0x2 hwlib.o
 .text._ZN5hwlib14pin_oc_dummy_t4readEv
                0x0000000000000000        0x4 hwlib.o
 .text._ZN5hwlib14pin_oc_dummy_t5flushEv
                0x0000000000000000        0x2 hwlib.o
 .text._ZN5hwlib14pin_oc_dummy_t7refreshEv
                0x0000000000000000        0x2 hwlib.o
 .text._ZN5hwlib17pin_out_from_oc_t5writeEb
                0x0000000000000000        0x8 hwlib.o
 .text._ZN5hwlib17pin_out_from_oc_t5flushEv
                0x0000000000000000        0x8 hwlib.o
 .text._ZN5hwlib18pin_out_from_out_t5writeEb
                0x0000000000000000        0x8 hwlib.o
 .text._ZN5hwlib18pin_out_from_out_t5flushEv
                0x0000000000000000        0x8 hwlib.o
 .text._ZN5hwlib21pin_out_from_in_out_t5writeEb
                0x0000000000000000        0x8 hwlib.o
 .text._ZN5hwlib21pin_out_from_in_out_t5flushEv
                0x0000000000000000        0x8 hwlib.o
 .text._ZN5hwlib16pin_in_from_oc_t4readEv
                0x0000000000000000        0x8 hwlib.o
 .text._ZN5hwlib16pin_in_from_oc_t7refreshEv
                0x0000000000000000        0x8 hwlib.o
 .text._ZN5hwlib16pin_in_from_in_t4readEv
                0x0000000000000000        0x8 hwlib.o
 .text._ZN5hwlib16pin_in_from_in_t7refreshEv
                0x0000000000000000        0x8 hwlib.o
 .text._ZN5hwlib20pin_in_from_in_out_t4readEv
                0x0000000000000000        0x8 hwlib.o
 .text._ZN5hwlib20pin_in_from_in_out_t7refreshEv
                0x0000000000000000        0x8 hwlib.o
 .text._ZN5hwlib20pin_in_out_from_oc_t19direction_set_inputEv
                0x0000000000000000        0xe hwlib.o
 .text._ZN5hwlib20pin_in_out_from_oc_t20direction_set_outputEv
                0x0000000000000000        0x6 hwlib.o
 .text._ZN5hwlib20pin_in_out_from_oc_t4readEv
                0x0000000000000000        0x8 hwlib.o
 .text._ZN5hwlib20pin_in_out_from_oc_t5flushEv
                0x0000000000000000        0x8 hwlib.o
 .text._ZN5hwlib20pin_in_out_from_oc_t7refreshEv
                0x0000000000000000        0x8 hwlib.o
 .text._ZN5hwlib20pin_in_out_from_oc_t15direction_flushEv
                0x0000000000000000        0x8 hwlib.o
 .text._ZN5hwlib24pin_in_out_from_in_out_t19direction_set_inputEv
                0x0000000000000000        0x8 hwlib.o
 .text._ZN5hwlib24pin_in_out_from_in_out_t20direction_set_outputEv
                0x0000000000000000        0x8 hwlib.o
 .text._ZN5hwlib24pin_in_out_from_in_out_t4readEv
                0x0000000000000000        0x8 hwlib.o
 .text._ZN5hwlib24pin_in_out_from_in_out_t5writeEb
                0x0000000000000000        0x8 hwlib.o
 .text._ZN5hwlib24pin_in_out_from_in_out_t5flushEv
                0x0000000000000000        0x8 hwlib.o
 .text._ZN5hwlib24pin_in_out_from_in_out_t7refreshEv
                0x0000000000000000        0x8 hwlib.o
 .text._ZN5hwlib24pin_in_out_from_in_out_t15direction_flushEv
                0x0000000000000000        0x8 hwlib.o
 .text._ZN5hwlib16pin_oc_from_oc_t4readEv
                0x0000000000000000        0x8 hwlib.o
 .text._ZN5hwlib16pin_oc_from_oc_t5writeEb
                0x0000000000000000        0x8 hwlib.o
 .text._ZN5hwlib16pin_oc_from_oc_t5flushEv
                0x0000000000000000        0x8 hwlib.o
 .text._ZN5hwlib16pin_oc_from_oc_t7refreshEv
                0x0000000000000000        0x8 hwlib.o
 .text._ZN5hwlib20pin_oc_from_in_out_t4readEv
                0x0000000000000000        0x8 hwlib.o
 .text._ZN5hwlib20pin_oc_from_in_out_t5flushEv
                0x0000000000000000       0x18 hwlib.o
 .text._ZN5hwlib20pin_oc_from_in_out_t7refreshEv
                0x0000000000000000        0x8 hwlib.o
 .text._ZN5hwlib21pin_invert_from_out_t5writeEb
                0x0000000000000000        0xc hwlib.o
 .text._ZN5hwlib21pin_invert_from_out_t5flushEv
                0x0000000000000000        0x8 hwlib.o
 .text._ZN5hwlib20pin_invert_from_in_t4readEv
                0x0000000000000000       0x12 hwlib.o
 .text._ZN5hwlib20pin_invert_from_in_t7refreshEv
                0x0000000000000000        0x8 hwlib.o
 .text._ZN5hwlib24pin_invert_from_in_out_t4readEv
                0x0000000000000000       0x12 hwlib.o
 .text._ZN5hwlib24pin_invert_from_in_out_t5writeEb
                0x0000000000000000        0xc hwlib.o
 .text._ZN5hwlib24pin_invert_from_in_out_t19direction_set_inputEv
                0x0000000000000000        0x8 hwlib.o
 .text._ZN5hwlib24pin_invert_from_in_out_t20direction_set_outputEv
                0x0000000000000000        0x8 hwlib.o
 .text._ZN5hwlib24pin_invert_from_in_out_t7refreshEv
                0x0000000000000000        0x8 hwlib.o
 .text._ZN5hwlib24pin_invert_from_in_out_t5flushEv
                0x0000000000000000        0x8 hwlib.o
 .text._ZN5hwlib24pin_invert_from_in_out_t15direction_flushEv
                0x0000000000000000        0x8 hwlib.o
 .text._ZN5hwlib20pin_invert_from_oc_t4readEv
                0x0000000000000000       0x12 hwlib.o
 .text._ZN5hwlib20pin_invert_from_oc_t5writeEb
                0x0000000000000000        0xc hwlib.o
 .text._ZN5hwlib20pin_invert_from_oc_t7refreshEv
                0x0000000000000000        0x8 hwlib.o
 .text._ZN5hwlib20pin_invert_from_oc_t5flushEv
                0x0000000000000000        0x8 hwlib.o
 .text._ZN5hwlib18all_from_pin_out_t5writeEb
                0x0000000000000000       0x1e hwlib.o
 .text._ZN5hwlib18all_from_pin_out_t5flushEv
                0x0000000000000000       0x1a hwlib.o
 .text._ZN5hwlib24pin_direct_from_in_out_t5writeEb
                0x0000000000000000       0x18 hwlib.o
 .text._ZN5hwlib24pin_direct_from_in_out_t4readEv
                0x0000000000000000       0x18 hwlib.o
 .text._ZN5hwlib24pin_direct_from_in_out_t19direction_set_inputEv
                0x0000000000000000       0x18 hwlib.o
 .text._ZN5hwlib24pin_direct_from_in_out_t20direction_set_outputEv
                0x0000000000000000       0x18 hwlib.o
 .text._ZN5hwlib24pin_direct_from_in_out_t5flushEv
                0x0000000000000000        0x2 hwlib.o
 .text._ZN5hwlib24pin_direct_from_in_out_t7refreshEv
                0x0000000000000000        0x2 hwlib.o
 .text._ZN5hwlib24pin_direct_from_in_out_t15direction_flushEv
                0x0000000000000000        0x2 hwlib.o
 .text._ZN5hwlib20pin_direct_from_in_t4readEv
                0x0000000000000000       0x18 hwlib.o
 .text._ZN5hwlib20pin_direct_from_in_t7refreshEv
                0x0000000000000000        0x2 hwlib.o
 .text._ZN5hwlib21pin_direct_from_out_t5writeEb
                0x0000000000000000       0x18 hwlib.o
 .text._ZN5hwlib21pin_direct_from_out_t5flushEv
                0x0000000000000000        0x2 hwlib.o
 .text._ZN5hwlib20pin_direct_from_oc_t5writeEb
                0x0000000000000000       0x18 hwlib.o
 .text._ZN5hwlib20pin_direct_from_oc_t4readEv
                0x0000000000000000       0x18 hwlib.o
 .text._ZN5hwlib20pin_direct_from_oc_t5flushEv
                0x0000000000000000        0x2 hwlib.o
 .text._ZN5hwlib20pin_direct_from_oc_t7refreshEv
                0x0000000000000000        0x2 hwlib.o
 .text._ZN5hwlib18port_out_from_oc_t14number_of_pinsEv
                0x0000000000000000        0x8 hwlib.o
 .text._ZN5hwlib18port_out_from_oc_t5writeEj
                0x0000000000000000        0x8 hwlib.o
 .text._ZN5hwlib18port_out_from_oc_t5flushEv
                0x0000000000000000        0x8 hwlib.o
 .text._ZN5hwlib19port_out_from_out_t14number_of_pinsEv
                0x0000000000000000        0x8 hwlib.o
 .text._ZN5hwlib19port_out_from_out_t5writeEj
                0x0000000000000000        0x8 hwlib.o
 .text._ZN5hwlib19port_out_from_out_t5flushEv
                0x0000000000000000        0x8 hwlib.o
 .text._ZN5hwlib22port_out_from_in_out_t14number_of_pinsEv
                0x0000000000000000        0x8 hwlib.o
 .text._ZN5hwlib22port_out_from_in_out_t5writeEj
                0x0000000000000000        0x8 hwlib.o
 .text._ZN5hwlib22port_out_from_in_out_t5flushEv
                0x0000000000000000        0x8 hwlib.o
 .text._ZN5hwlib17port_in_from_oc_t14number_of_pinsEv
                0x0000000000000000        0x8 hwlib.o
 .text._ZN5hwlib17port_in_from_oc_t4readEv
                0x0000000000000000        0x8 hwlib.o
 .text._ZN5hwlib17port_in_from_oc_t7refreshEv
                0x0000000000000000        0x8 hwlib.o
 .text._ZN5hwlib17port_in_from_in_t14number_of_pinsEv
                0x0000000000000000        0x8 hwlib.o
 .text._ZN5hwlib17port_in_from_in_t4readEv
                0x0000000000000000        0x8 hwlib.o
 .text._ZN5hwlib17port_in_from_in_t7refreshEv
                0x0000000000000000        0x8 hwlib.o
 .text._ZN5hwlib21port_in_from_in_out_t14number_of_pinsEv
                0x0000000000000000        0x8 hwlib.o
 .text._ZN5hwlib21port_in_from_in_out_t4readEv
                0x0000000000000000        0x8 hwlib.o
 .text._ZN5hwlib21port_in_from_in_out_t7refreshEv
                0x0000000000000000        0x8 hwlib.o
 .text._ZN5hwlib21port_in_out_from_oc_t14number_of_pinsEv
                0x0000000000000000        0x8 hwlib.o
 .text._ZN5hwlib21port_in_out_from_oc_t19direction_set_inputEv
                0x0000000000000000        0xe hwlib.o
 .text._ZN5hwlib21port_in_out_from_oc_t20direction_set_outputEv
                0x0000000000000000        0x6 hwlib.o
 .text._ZN5hwlib21port_in_out_from_oc_t4readEv
                0x0000000000000000        0x8 hwlib.o
 .text._ZN5hwlib21port_in_out_from_oc_t5flushEv
                0x0000000000000000        0x8 hwlib.o
 .text._ZN5hwlib21port_in_out_from_oc_t7refreshEv
                0x0000000000000000        0x8 hwlib.o
 .text._ZN5hwlib21port_in_out_from_oc_t15direction_flushEv
                0x0000000000000000        0x8 hwlib.o
 .text._ZN5hwlib25port_in_out_from_in_out_t14number_of_pinsEv
                0x0000000000000000        0x8 hwlib.o
 .text._ZN5hwlib25port_in_out_from_in_out_t19direction_set_inputEv
                0x0000000000000000        0x8 hwlib.o
 .text._ZN5hwlib25port_in_out_from_in_out_t20direction_set_outputEv
                0x0000000000000000        0x8 hwlib.o
 .text._ZN5hwlib25port_in_out_from_in_out_t4readEv
                0x0000000000000000        0x8 hwlib.o
 .text._ZN5hwlib25port_in_out_from_in_out_t5writeEj
                0x0000000000000000        0x8 hwlib.o
 .text._ZN5hwlib25port_in_out_from_in_out_t5flushEv
                0x0000000000000000        0x8 hwlib.o
 .text._ZN5hwlib25port_in_out_from_in_out_t7refreshEv
                0x0000000000000000        0x8 hwlib.o
 .text._ZN5hwlib25port_in_out_from_in_out_t15direction_flushEv
                0x0000000000000000        0x8 hwlib.o
 .text._ZN5hwlib17port_oc_from_oc_t14number_of_pinsEv
                0x0000000000000000        0x8 hwlib.o
 .text._ZN5hwlib17port_oc_from_oc_t4readEv
                0x0000000000000000        0x8 hwlib.o
 .text._ZN5hwlib17port_oc_from_oc_t5writeEj
                0x0000000000000000        0x8 hwlib.o
 .text._ZN5hwlib17port_oc_from_oc_t5flushEv
                0x0000000000000000        0x8 hwlib.o
 .text._ZN5hwlib17port_oc_from_oc_t7refreshEv
                0x0000000000000000        0x8 hwlib.o
 .text._ZN5hwlib23port_in_out_from_pins_t14number_of_pinsEv
                0x0000000000000000        0x4 hwlib.o
 .text._ZN5hwlib23port_in_out_from_pins_t19direction_set_inputEv
                0x0000000000000000       0x20 hwlib.o
 .text._ZN5hwlib23port_in_out_from_pins_t20direction_set_outputEv
                0x0000000000000000       0x20 hwlib.o
 .text._ZN5hwlib23port_in_out_from_pins_t15direction_flushEv
                0x0000000000000000       0x20 hwlib.o
 .text._ZN5hwlib23port_in_out_from_pins_t4readEv
                0x0000000000000000       0x2a hwlib.o
 .text._ZN5hwlib23port_in_out_from_pins_t7refreshEv
                0x0000000000000000       0x20 hwlib.o
 .text._ZN5hwlib23port_in_out_from_pins_t5writeEj
                0x0000000000000000       0x28 hwlib.o
 .text._ZN5hwlib23port_in_out_from_pins_t5flushEv
                0x0000000000000000       0x20 hwlib.o
 .text._ZN5hwlib19port_in_from_pins_t14number_of_pinsEv
                0x0000000000000000        0x4 hwlib.o
 .text._ZN5hwlib19port_in_from_pins_t4readEv
                0x0000000000000000       0x2a hwlib.o
 .text._ZN5hwlib19port_in_from_pins_t7refreshEv
                0x0000000000000000       0x20 hwlib.o
 .text._ZN5hwlib20port_out_from_pins_t14number_of_pinsEv
                0x0000000000000000        0x4 hwlib.o
 .text._ZN5hwlib20port_out_from_pins_t5writeEj
                0x0000000000000000       0x28 hwlib.o
 .text._ZN5hwlib20port_out_from_pins_t5flushEv
                0x0000000000000000       0x20 hwlib.o
 .text._ZN5hwlib23port_out_from_pins_oc_t14number_of_pinsEv
                0x0000000000000000        0x4 hwlib.o
 .text._ZN5hwlib23port_out_from_pins_oc_t5writeEj
                0x0000000000000000       0x28 hwlib.o
 .text._ZN5hwlib23port_out_from_pins_oc_t5flushEv
                0x0000000000000000       0x20 hwlib.o
 .text._ZN5hwlib19port_oc_from_pins_t14number_of_pinsEv
                0x0000000000000000        0x4 hwlib.o
 .text._ZN5hwlib19port_oc_from_pins_t4readEv
                0x0000000000000000       0x2a hwlib.o
 .text._ZN5hwlib19port_oc_from_pins_t5writeEj
                0x0000000000000000       0x28 hwlib.o
 .text._ZN5hwlib19port_oc_from_pins_t7refreshEv
                0x0000000000000000       0x20 hwlib.o
 .text._ZN5hwlib19port_oc_from_pins_t5flushEv
                0x0000000000000000       0x20 hwlib.o
 .text._ZN5hwlib25port_invert_from_in_out_t19direction_set_inputEv
                0x0000000000000000        0x8 hwlib.o
 .text._ZN5hwlib25port_invert_from_in_out_t20direction_set_outputEv
                0x0000000000000000        0x8 hwlib.o
 .text._ZN5hwlib25port_invert_from_in_out_t14number_of_pinsEv
                0x0000000000000000        0x8 hwlib.o
 .text._ZN5hwlib25port_invert_from_in_out_t4readEv
                0x0000000000000000        0xe hwlib.o
 .text._ZN5hwlib25port_invert_from_in_out_t7refreshEv
                0x0000000000000000        0x8 hwlib.o
 .text._ZN5hwlib25port_invert_from_in_out_t5writeEj
                0x0000000000000000        0xa hwlib.o
 .text._ZN5hwlib25port_invert_from_in_out_t5flushEv
                0x0000000000000000        0x8 hwlib.o
 .text._ZN5hwlib25port_invert_from_in_out_t15direction_flushEv
                0x0000000000000000        0x8 hwlib.o
 .text._ZN5hwlib21port_invert_from_in_t14number_of_pinsEv
                0x0000000000000000        0x8 hwlib.o
 .text._ZN5hwlib21port_invert_from_in_t4readEv
                0x0000000000000000        0xe hwlib.o
 .text._ZN5hwlib21port_invert_from_in_t7refreshEv
                0x0000000000000000        0x8 hwlib.o
 .text._ZN5hwlib22port_invert_from_out_t14number_of_pinsEv
                0x0000000000000000        0x8 hwlib.o
 .text._ZN5hwlib22port_invert_from_out_t5writeEj
                0x0000000000000000        0xa hwlib.o
 .text._ZN5hwlib22port_invert_from_out_t5flushEv
                0x0000000000000000        0x8 hwlib.o
 .text._ZN5hwlib21port_invert_from_oc_t14number_of_pinsEv
                0x0000000000000000        0x8 hwlib.o
 .text._ZN5hwlib21port_invert_from_oc_t4readEv
                0x0000000000000000        0xe hwlib.o
 .text._ZN5hwlib21port_invert_from_oc_t7refreshEv
                0x0000000000000000        0x8 hwlib.o
 .text._ZN5hwlib21port_invert_from_oc_t5writeEj
                0x0000000000000000        0xa hwlib.o
 .text._ZN5hwlib21port_invert_from_oc_t5flushEv
                0x0000000000000000        0x8 hwlib.o
 .text._ZN5hwlib19all_from_port_out_t5writeEb
                0x0000000000000000       0x12 hwlib.o
 .text._ZN5hwlib19all_from_port_out_t5flushEv
                0x0000000000000000        0x8 hwlib.o
 .text._ZN5hwlib25port_direct_from_in_out_t14number_of_pinsEv
                0x0000000000000000        0x8 hwlib.o
 .text._ZN5hwlib25port_direct_from_in_out_t5writeEj
                0x0000000000000000       0x18 hwlib.o
 .text._ZN5hwlib25port_direct_from_in_out_t4readEv
                0x0000000000000000       0x18 hwlib.o
 .text._ZN5hwlib25port_direct_from_in_out_t19direction_set_inputEv
                0x0000000000000000       0x18 hwlib.o
 .text._ZN5hwlib25port_direct_from_in_out_t20direction_set_outputEv
                0x0000000000000000       0x18 hwlib.o
 .text._ZN5hwlib25port_direct_from_in_out_t5flushEv
                0x0000000000000000        0x2 hwlib.o
 .text._ZN5hwlib25port_direct_from_in_out_t7refreshEv
                0x0000000000000000        0x2 hwlib.o
 .text._ZN5hwlib25port_direct_from_in_out_t15direction_flushEv
                0x0000000000000000        0x2 hwlib.o
 .text._ZN5hwlib21port_direct_from_in_t14number_of_pinsEv
                0x0000000000000000        0x8 hwlib.o
 .text._ZN5hwlib21port_direct_from_in_t4readEv
                0x0000000000000000       0x18 hwlib.o
 .text._ZN5hwlib21port_direct_from_in_t7refreshEv
                0x0000000000000000        0x2 hwlib.o
 .text._ZN5hwlib22port_direct_from_out_t14number_of_pinsEv
                0x0000000000000000        0x8 hwlib.o
 .text._ZN5hwlib22port_direct_from_out_t5writeEj
                0x0000000000000000       0x18 hwlib.o
 .text._ZN5hwlib22port_direct_from_out_t5flushEv
                0x0000000000000000        0x2 hwlib.o
 .text._ZN5hwlib21port_direct_from_oc_t14number_of_pinsEv
                0x0000000000000000        0x8 hwlib.o
 .text._ZN5hwlib21port_direct_from_oc_t5writeEj
                0x0000000000000000       0x18 hwlib.o
 .text._ZN5hwlib21port_direct_from_oc_t4readEv
                0x0000000000000000       0x18 hwlib.o
 .text._ZN5hwlib21port_direct_from_oc_t5flushEv
                0x0000000000000000        0x2 hwlib.o
 .text._ZN5hwlib21port_direct_from_oc_t7refreshEv
                0x0000000000000000        0x2 hwlib.o
 .text._ZN5hwlib7istream11getc_nowaitEv
                0x0000000000000000       0x1a hwlib.o
 .text._ZN5hwlib20cout_using_uart_putc5flushEv
                0x0000000000000000        0x2 hwlib.o
 .text._ZNK5hwlib14image_invert_t18get_implementationENS_2xyE
                0x0000000000000000       0x8a hwlib.o
 .text._ZNK5hwlib9image_8x818get_implementationENS_2xyE
                0x0000000000000000       0x44 hwlib.o
 .text._ZN5hwlib20pin_in_out_from_oc_t5writeEb
                0x0000000000000000        0xe hwlib.o
 .text._ZN5hwlib20pin_oc_from_in_out_t5writeEb
                0x0000000000000000       0x26 hwlib.o
 .text._ZN5hwlib21port_in_out_from_oc_t5writeEj
                0x0000000000000000        0xe hwlib.o
 .text._ZN5hwlib21pin_out_from_in_out_tC2ERNS_10pin_in_outE
                0x0000000000000000       0x24 hwlib.o
 .text._ZN5hwlib12pin_out_fromERNS_6pin_ocE
                0x0000000000000000        0xc hwlib.o
 .text._ZN5hwlib12pin_out_fromERNS_7pin_outE
                0x0000000000000000        0xc hwlib.o
 .text._ZN5hwlib12pin_out_fromERNS_10pin_in_outE
                0x0000000000000000        0xc hwlib.o
 .text._ZN5hwlib11pin_in_fromERNS_6pin_inE
                0x0000000000000000        0xc hwlib.o
 .text._ZN5hwlib11pin_in_fromERNS_10pin_in_outE
                0x0000000000000000       0x24 hwlib.o
 .text._ZN5hwlib11pin_in_fromERNS_6pin_ocE
                0x0000000000000000       0x28 hwlib.o
 .text._ZN5hwlib15pin_in_out_fromERNS_6pin_ocE
                0x0000000000000000        0xc hwlib.o
 .text._ZN5hwlib15pin_in_out_fromERNS_10pin_in_outE
                0x0000000000000000        0xc hwlib.o
 .text._ZN5hwlib11pin_oc_fromERNS_6pin_ocE
                0x0000000000000000        0xc hwlib.o
 .text._ZN5hwlib11pin_oc_fromERNS_10pin_in_outE
                0x0000000000000000        0xc hwlib.o
 .text._ZN5hwlib6invertERNS_7pin_outE
                0x0000000000000000        0xc hwlib.o
 .text._ZN5hwlib6invertERNS_6pin_inE
                0x0000000000000000        0xc hwlib.o
 .text._ZN5hwlib6invertERNS_10pin_in_outE
                0x0000000000000000        0xc hwlib.o
 .text._ZN5hwlib6invertERNS_6pin_ocE
                0x0000000000000000        0xc hwlib.o
 .text._ZN5hwlib3allERNS_7pin_outES1_S1_S1_S1_S1_S1_S1_S1_S1_S1_S1_S1_S1_S1_S1_
                0x0000000000000000       0x48 hwlib.o
 .text._ZN5hwlib6directERNS_7pin_outE
                0x0000000000000000        0xc hwlib.o
 .text._ZN5hwlib6directERNS_6pin_inE
                0x0000000000000000        0xc hwlib.o
 .text._ZN5hwlib6directERNS_10pin_in_outE
                0x0000000000000000        0xc hwlib.o
 .text._ZN5hwlib6directERNS_6pin_ocE
                0x0000000000000000        0xc hwlib.o
 .text._ZN5hwlib22port_out_from_in_out_tC2ERNS_11port_in_outE
                0x0000000000000000       0x24 hwlib.o
 .text._ZN5hwlib13port_out_fromERNS_7port_ocE
                0x0000000000000000        0xc hwlib.o
 .text._ZN5hwlib13port_out_fromERNS_8port_outE
                0x0000000000000000        0xc hwlib.o
 .text._ZN5hwlib13port_out_fromERNS_11port_in_outE
                0x0000000000000000        0xc hwlib.o
 .text._ZN5hwlib12port_in_fromERNS_7port_inE
                0x0000000000000000        0xc hwlib.o
 .text._ZN5hwlib12port_in_fromERNS_11port_in_outE
                0x0000000000000000       0x24 hwlib.o
 .text._ZN5hwlib12port_in_fromERNS_7port_ocE
                0x0000000000000000       0x28 hwlib.o
 .text._ZN5hwlib16port_in_out_fromERNS_7port_ocE
                0x0000000000000000        0xc hwlib.o
 .text._ZN5hwlib16port_in_out_fromERNS_11port_in_outE
                0x0000000000000000        0xc hwlib.o
 .text._ZN5hwlib12port_oc_fromERNS_7port_ocE
                0x0000000000000000        0xc hwlib.o
 .text._ZN5hwlib16port_in_out_fromERNS_10pin_in_outES1_S1_S1_S1_S1_S1_S1_S1_S1_S1_S1_S1_S1_S1_S1_
                0x0000000000000000       0x68 hwlib.o
 .text._ZN5hwlib13port_out_fromERNS_6pin_ocES1_S1_S1_S1_S1_S1_S1_S1_S1_S1_S1_S1_S1_S1_S1_
                0x0000000000000000       0x68 hwlib.o
 .text._ZN5hwlib13port_out_fromERNS_7pin_outES1_S1_S1_S1_S1_S1_S1_S1_S1_S1_S1_S1_S1_S1_S1_
                0x0000000000000000       0x68 hwlib.o
 .text._ZN5hwlib12port_in_fromERNS_6pin_inES1_S1_S1_S1_S1_S1_S1_S1_S1_S1_S1_S1_S1_S1_S1_
                0x0000000000000000       0x68 hwlib.o
 .text._ZN5hwlib12port_oc_fromERNS_6pin_ocES1_S1_S1_S1_S1_S1_S1_S1_S1_S1_S1_S1_S1_S1_S1_
                0x0000000000000000       0x68 hwlib.o
 .text._ZN5hwlib6invertERNS_8port_outE
                0x0000000000000000        0xc hwlib.o
 .text._ZN5hwlib6invertERNS_7port_inE
                0x0000000000000000        0xc hwlib.o
 .text._ZN5hwlib6invertERNS_11port_in_outE
                0x0000000000000000        0xc hwlib.o
 .text._ZN5hwlib6invertERNS_7port_ocE
                0x0000000000000000        0xc hwlib.o
 .text._ZN5hwlib3allERNS_8port_outE
                0x0000000000000000        0xc hwlib.o
 .text._ZN5hwlib6directERNS_8port_outE
                0x0000000000000000        0xc hwlib.o
 .text._ZN5hwlib6directERNS_7port_inE
                0x0000000000000000        0xc hwlib.o
 .text._ZN5hwlib6directERNS_11port_in_outE
                0x0000000000000000        0xc hwlib.o
 .text._ZN5hwlib6directERNS_7port_ocE
                0x0000000000000000        0xc hwlib.o
 .text._ZN5hwlib7ostreamlsEc
                0x0000000000000000        0xe hwlib.o
 .text._ZN5hwliblsERNS_7ostreamEPKc
                0x0000000000000000       0x66 hwlib.o
 .text._ZN5hwliblsERNS_7ostreamEi
                0x0000000000000000       0xce hwlib.o
 .text._ZN5hwliblsERNS_7ostreamENS_2xyE
                0x0000000000000000       0x38 hwlib.o
 .text._ZN5hwlib3allENS_2xyE
                0x0000000000000000       0x16 hwlib.o
 .text._ZN5hwlib6strlenEPKc
                0x0000000000000000       0x10 hwlib.o
 .text._ZN5hwlib8test_endEv
                0x0000000000000000       0x58 hwlib.o
 .text._ZN5hwliblsERNS_7ostreamERKNS_5colorE
                0x0000000000000000       0x54 hwlib.o
 .text._ZN5hwlib6invertERKNS_5imageE
                0x0000000000000000       0x18 hwlib.o
 .text._ZN5hwlib6window5writeENS_2xyENS_5colorE
                0x0000000000000000       0x3e hwlib.o
 .text._ZN5hwlib6circle4drawERNS_6windowE
                0x0000000000000000      0x18a hwlib.o
 .text._ZN5hwlib4line4drawERNS_6windowE
                0x0000000000000000       0xb4 hwlib.o
 .text._ZN5hwlib4randEv
                0x0000000000000000       0x20 hwlib.o
 .text._ZN5hwlib15random_in_rangeEjj
                0x0000000000000000       0x1a hwlib.o
 .text._ZN11stm32f103c88pin_infoENS_4pinsE
                0x0000000000000000       0x20 hwlib.o
 .text._ZN11stm32f103c814port_registersEm
                0x0000000000000000       0x48 hwlib.o
 .text._ZN11stm32f103c812ticks_per_usEv
                0x0000000000000000        0x6 hwlib.o
 .text._ZN11stm32f103c89now_ticksEv
                0x0000000000000000       0x64 hwlib.o
 .text._ZN11stm32f103c89uart_initEv
                0x0000000000000000       0x10 hwlib.o
 .text._ZN5hwlib9uart_putcEc
                0x0000000000000000        0x4 hwlib.o
 .text._ZN5hwlib20cout_using_uart_putc4putcEc
                0x0000000000000000        0xa hwlib.o
 .text._ZN5hwlib19uart_char_availableEv
                0x0000000000000000        0x4 hwlib.o
 .text._ZN5hwlib19cin_using_uart_getc14char_availableEv
                0x0000000000000000        0x8 hwlib.o
 .text._ZN5hwlib9uart_getcEv
                0x0000000000000000        0x4 hwlib.o
 .text._ZN5hwlib19cin_using_uart_getc4getcEv
                0x0000000000000000        0x8 hwlib.o
 .text._ZN5hwlib9now_ticksEv
                0x0000000000000000        0x8 hwlib.o
 .text._ZN5hwlib12ticks_per_usEv
                0x0000000000000000        0x8 hwlib.o
 .text._ZN5hwlib24uart_getc_bit_banged_pinERNS_6pin_inE
                0x0000000000000000       0x72 hwlib.o
 .text._ZN5hwlib5blinkERNS_7pin_outEj
                0x0000000000000000       0x38 hwlib.o
 .text._ZN5hwlib5blinkERNS_10pin_in_outEj
                0x0000000000000000       0x14 hwlib.o
 .text._ZN5hwlib5blinkERNS_6pin_ocEj
                0x0000000000000000       0x14 hwlib.o
 .text._ZN5hwlib5blinkERNS_7pin_outEjj
                0x0000000000000000       0x42 hwlib.o
 .text._ZN5hwlib5blinkERNS_6pin_ocEjj
                0x0000000000000000       0x18 hwlib.o
 .text._ZN5hwlib5blinkERNS_10pin_in_outEjj
                0x0000000000000000       0x1c hwlib.o
 .text._ZN5hwlib4kittERNS_8port_outEj
                0x0000000000000000       0x50 hwlib.o
 .text._ZN5hwlib4kittERNS_11port_in_outEj
                0x0000000000000000       0x14 hwlib.o
 .text._ZN5hwlib4kittERNS_7port_ocEj
                0x0000000000000000       0x14 hwlib.o
 .text._ZN5hwlib5snakeERNS_8port_outEj
                0x0000000000000000       0x30 hwlib.o
 .text._ZN5hwlib5snakeERNS_11port_in_outEj
                0x0000000000000000       0x14 hwlib.o
 .text._ZN5hwlib5snakeERNS_7port_ocEj
                0x0000000000000000       0x14 hwlib.o
 .text._ZN5hwlib14scrolling_textERNS_8terminalEPKcjjj
                0x0000000000000000       0x64 hwlib.o
 .text._ZN5hwlib12dac_triangleERNS_3dacEj
                0x0000000000000000       0x36 hwlib.o
 .text._ZN5hwlib21graphics_random_linesERNS_6windowEj
                0x0000000000000000      0x104 hwlib.o
 .text._ZN5hwlib23graphics_random_circlesERNS_6windowEj
                0x0000000000000000       0x8c hwlib.o
 .text._ZN5hwlib24uart_putc_bit_banged_pinEcRNS_7pin_outE
                0x0000000000000000       0x56 hwlib.o
 .rodata._ZTVN5hwlib18pin_in_out_dummy_tE
                0x0000000000000000       0x24 hwlib.o
 .rodata._ZTVN5hwlib14pin_in_dummy_tE
                0x0000000000000000       0x10 hwlib.o
 .rodata._ZTVN5hwlib15pin_out_dummy_tE
                0x0000000000000000       0x10 hwlib.o
 .rodata._ZTVN5hwlib14pin_oc_dummy_tE
                0x0000000000000000       0x18 hwlib.o
 .rodata._ZTVN5hwlib17pin_out_from_oc_tE
                0x0000000000000000       0x10 hwlib.o
 .rodata._ZTVN5hwlib18pin_out_from_out_tE
                0x0000000000000000       0x10 hwlib.o
 .rodata._ZTVN5hwlib21pin_out_from_in_out_tE
                0x0000000000000000       0x10 hwlib.o
 .rodata._ZTVN5hwlib16pin_in_from_oc_tE
                0x0000000000000000       0x10 hwlib.o
 .rodata._ZTVN5hwlib16pin_in_from_in_tE
                0x0000000000000000       0x10 hwlib.o
 .rodata._ZTVN5hwlib20pin_in_from_in_out_tE
                0x0000000000000000       0x10 hwlib.o
 .rodata._ZTVN5hwlib20pin_in_out_from_oc_tE
                0x0000000000000000       0x24 hwlib.o
 .rodata._ZTVN5hwlib24pin_in_out_from_in_out_tE
                0x0000000000000000       0x24 hwlib.o
 .rodata._ZTVN5hwlib16pin_oc_from_oc_tE
                0x0000000000000000       0x18 hwlib.o
 .rodata._ZTVN5hwlib20pin_oc_from_in_out_tE
                0x0000000000000000       0x18 hwlib.o
 .rodata._ZTVN5hwlib21pin_invert_from_out_tE
                0x0000000000000000       0x10 hwlib.o
 .rodata._ZTVN5hwlib20pin_invert_from_in_tE
                0x0000000000000000       0x10 hwlib.o
 .rodata._ZTVN5hwlib24pin_invert_from_in_out_tE
                0x0000000000000000       0x24 hwlib.o
 .rodata._ZTVN5hwlib20pin_invert_from_oc_tE
                0x0000000000000000       0x18 hwlib.o
 .rodata._ZTVN5hwlib18all_from_pin_out_tE
                0x0000000000000000       0x10 hwlib.o
 .rodata._ZTVN5hwlib24pin_direct_from_in_out_tE
                0x0000000000000000       0x24 hwlib.o
 .rodata._ZTVN5hwlib20pin_direct_from_in_tE
                0x0000000000000000       0x10 hwlib.o
 .rodata._ZTVN5hwlib21pin_direct_from_out_tE
                0x0000000000000000       0x10 hwlib.o
 .rodata._ZTVN5hwlib20pin_direct_from_oc_tE
                0x0000000000000000       0x18 hwlib.o
 .rodata._ZTVN5hwlib18port_out_from_oc_tE
                0x0000000000000000       0x14 hwlib.o
 .rodata._ZTVN5hwlib19port_out_from_out_tE
                0x0000000000000000       0x14 hwlib.o
 .rodata._ZTVN5hwlib22port_out_from_in_out_tE
                0x0000000000000000       0x14 hwlib.o
 .rodata._ZTVN5hwlib17port_in_from_oc_tE
                0x0000000000000000       0x14 hwlib.o
 .rodata._ZTVN5hwlib17port_in_from_in_tE
                0x0000000000000000       0x14 hwlib.o
 .rodata._ZTVN5hwlib21port_in_from_in_out_tE
                0x0000000000000000       0x14 hwlib.o
 .rodata._ZTVN5hwlib21port_in_out_from_oc_tE
                0x0000000000000000       0x28 hwlib.o
 .rodata._ZTVN5hwlib25port_in_out_from_in_out_tE
                0x0000000000000000       0x28 hwlib.o
 .rodata._ZTVN5hwlib17port_oc_from_oc_tE
                0x0000000000000000       0x1c hwlib.o
 .rodata._ZTVN5hwlib23port_in_out_from_pins_tE
                0x0000000000000000       0x28 hwlib.o
 .rodata._ZTVN5hwlib19port_in_from_pins_tE
                0x0000000000000000       0x14 hwlib.o
 .rodata._ZTVN5hwlib20port_out_from_pins_tE
                0x0000000000000000       0x14 hwlib.o
 .rodata._ZTVN5hwlib23port_out_from_pins_oc_tE
                0x0000000000000000       0x14 hwlib.o
 .rodata._ZTVN5hwlib19port_oc_from_pins_tE
                0x0000000000000000       0x1c hwlib.o
 .rodata._ZTVN5hwlib25port_invert_from_in_out_tE
                0x0000000000000000       0x28 hwlib.o
 .rodata._ZTVN5hwlib21port_invert_from_in_tE
                0x0000000000000000       0x14 hwlib.o
 .rodata._ZTVN5hwlib22port_invert_from_out_tE
                0x0000000000000000       0x14 hwlib.o
 .rodata._ZTVN5hwlib21port_invert_from_oc_tE
                0x0000000000000000       0x1c hwlib.o
 .rodata._ZTVN5hwlib19all_from_port_out_tE
                0x0000000000000000       0x10 hwlib.o
 .rodata._ZTVN5hwlib25port_direct_from_in_out_tE
                0x0000000000000000       0x28 hwlib.o
 .rodata._ZTVN5hwlib21port_direct_from_in_tE
                0x0000000000000000       0x14 hwlib.o
 .rodata._ZTVN5hwlib22port_direct_from_out_tE
                0x0000000000000000       0x14 hwlib.o
 .rodata._ZTVN5hwlib21port_direct_from_oc_tE
                0x0000000000000000       0x1c hwlib.o
 .rodata._ZTVN5hwlib20cout_using_uart_putcE
                0x0000000000000000       0x10 hwlib.o
 .rodata._ZTVN5hwlib19cin_using_uart_getcE
                0x0000000000000000       0x14 hwlib.o
 .rodata._ZTVN5hwlib14image_invert_tE
                0x0000000000000000        0xc hwlib.o
 .rodata._ZTVN5hwlib9image_8x8E
                0x0000000000000000        0xc hwlib.o
 .rodata._ZTVN5hwlib4lineE
                0x0000000000000000        0xc hwlib.o
 .rodata._ZTVN5hwlib6circleE
                0x0000000000000000        0xc hwlib.o
 .bss._ZN5hwlib11string_base5dummyE
                0x0000000000000000        0x1 hwlib.o
 .bss._ZN5hwlib18_equal_calls_countE
                0x0000000000000000        0x4 hwlib.o
 .bss._ZN5hwlib21_equal_failures_countE
                0x0000000000000000        0x4 hwlib.o
 .bss._ZZN11stm32f103c89now_ticksEvE4high
                0x0000000000000000        0x8 hwlib.o
 .bss._ZZN11stm32f103c89now_ticksEvE8last_low
                0x0000000000000000        0x4 hwlib.o
 .bss._ZZN11stm32f103c89now_ticksEvE9init_done
                0x0000000000000000        0x1 hwlib.o
 .bss._ZZN11stm32f103c89uart_initEvE9init_done
                0x0000000000000000        0x1 hwlib.o
 .bss._ZZN5hwlib4randEvE1n
                0x0000000000000000        0x4 hwlib.o
 .data._ZN5hwlib12pin_in_dummyE
                0x0000000000000000        0x4 hwlib.o
 .data._ZN5hwlib12pin_oc_dummyE
                0x0000000000000000        0x4 hwlib.o
 .data._ZN5hwlib13pin_out_dummyE
                0x0000000000000000        0x4 hwlib.o
 .data._ZN5hwlib16pin_in_out_dummyE
                0x0000000000000000        0x4 hwlib.o
 .data._ZN5hwlib3cinE
                0x0000000000000000        0x4 hwlib.o
 .data._ZN5hwlib4coutE
                0x0000000000000000       0x14 hwlib.o
 .rodata._ZN11stm32f103c88pin_infoENS_4pinsE.str1.1
                0x0000000000000000       0x39 hwlib.o
 .rodata._ZN5hwlib15font_16x16_dataE
                0x0000000000000000      0xbe4 hwlib.o
 .rodata._ZN5hwlib16font_default_8x86imagesE
                0x0000000000000000      0xa00 hwlib.o
 .rodata._ZN5hwlib8test_endEv.str1.1
                0x0000000000000000       0x54 hwlib.o
 .rodata._ZN5hwlibL5blackE
                0x0000000000000000        0x4 hwlib.o
 .rodata._ZN5hwlibL5whiteE
                0x0000000000000000        0x4 hwlib.o
 .rodata._ZN5hwliblsERNS_7ostreamENS_2xyE.str1.1
                0x0000000000000000        0x6 hwlib.o
 .rodata._ZN5hwliblsERNS_7ostreamERKNS_5colorE.str1.1
                0x0000000000000000       0x10 hwlib.o
 .rodata._ZZN11stm32f103c88pin_infoENS_4pinsEE14pin_info_array
                0x0000000000000000       0x62 hwlib.o
 .group         0x0000000000000000        0x8 main.o
 .group         0x0000000000000000        0x8 main.o
 .group         0x0000000000000000        0x8 main.o
 .group         0x0000000000000000        0x8 main.o
 .group         0x0000000000000000        0x8 main.o
 .group         0x0000000000000000        0xc main.o
 .group         0x0000000000000000        0xc main.o
 .group         0x0000000000000000        0xc main.o
 .group         0x0000000000000000        0xc main.o
 .group         0x0000000000000000        0xc main.o
 .group         0x0000000000000000        0xc main.o
 .group         0x0000000000000000        0x8 main.o
 .group         0x0000000000000000        0x8 main.o
 .group         0x0000000000000000        0x8 main.o
 .text          0x0000000000000000        0x0 main.o
 .data          0x0000000000000000        0x0 main.o
 .bss           0x0000000000000000        0x0 main.o
 .text._ZN11stm32f103c88pin_infoENS_4pinsE
                0x0000000000000000       0x20 main.o
 .text._ZN11stm32f103c814port_registersEm
                0x0000000000000000       0x48 main.o
 .text._ZN11stm32f103c812ticks_per_usEv
                0x0000000000000000        0x6 main.o
 .text._ZN11stm32f103c89now_ticksEv
                0x0000000000000000       0x64 main.o
 .text._ZN5hwlib9uart_putcEc
                0x0000000000000000        0x4 main.o
 .text._ZN5hwlib19uart_char_availableEv
                0x0000000000000000        0x4 main.o
 .text._ZN5hwlib9uart_getcEv
                0x0000000000000000        0x4 main.o
 .text._Z8transmitRN8NRF24L0112NRF24L01PlusERN5hwlib7pin_outE
                0x0000000000000000       0x60 main.o
 .rodata._ZN8NRF24L0112NRF_REGISTER7TX_ADDRE
                0x0000000000000000        0x1 main.o
 .rodata._ZN8NRF24L0112NRF_REGISTER10RX_ADDR_P0E
                0x0000000000000000        0x1 main.o
 .bss._ZZN11stm32f103c89now_ticksEvE4high
                0x0000000000000000        0x8 main.o
 .bss._ZZN11stm32f103c89now_ticksEvE8last_low
                0x0000000000000000        0x4 main.o
 .bss._ZZN11stm32f103c89now_ticksEvE9init_done
                0x0000000000000000        0x1 main.o
 .rodata._ZN11stm32f103c88pin_infoENS_4pinsE.str1.1
                0x0000000000000000       0x39 main.o
 .rodata._ZZN11stm32f103c88pin_infoENS_4pinsEE14pin_info_array
                0x0000000000000000       0x62 main.o
 .text          0x0000000000000000        0x0 bmptk_cortex.o
 .data          0x0000000000000000        0x0 bmptk_cortex.o
 .bss           0x0000000000000000        0x0 bmptk_cortex.o
 .text.__aeabi_idiv0
                0x0000000000000000        0x4 bmptk_cortex.o
 COMMON         0x0000000000000000        0x4 bmptk_cortex.o
 .text          0x0000000000000000        0x0 bmptk_heap_none.o
 .data          0x0000000000000000        0x0 bmptk_heap_none.o
 .bss           0x0000000000000000        0x0 bmptk_heap_none.o
 .text.malloc   0x0000000000000000        0xa bmptk_heap_none.o
 .text.free     0x0000000000000000        0x4 bmptk_heap_none.o
 .comment       0x0000000000000000       0x80 bmptk_heap_none.o
 .text          0x0000000000000000        0x0 bmptk_fixed_size_stack.o
 .data          0x0000000000000000        0x0 bmptk_fixed_size_stack.o
 .bss           0x0000000000000000        0x0 bmptk_fixed_size_stack.o
 .data          0x0000000000000000        0x0 /usr/bin/../lib/gcc/arm-none-eabi/7.3.1/thumb/v7-m/libgcc.a(_aeabi_uldivmod.o)
 .bss           0x0000000000000000        0x0 /usr/bin/../lib/gcc/arm-none-eabi/7.3.1/thumb/v7-m/libgcc.a(_aeabi_uldivmod.o)
 .data          0x0000000000000000        0x0 /usr/bin/../lib/gcc/arm-none-eabi/7.3.1/thumb/v7-m/libgcc.a(_udivmoddi4.o)
 .bss           0x0000000000000000        0x0 /usr/bin/../lib/gcc/arm-none-eabi/7.3.1/thumb/v7-m/libgcc.a(_udivmoddi4.o)
 .ARM.extab     0x0000000000000000        0x0 /usr/bin/../lib/gcc/arm-none-eabi/7.3.1/thumb/v7-m/libgcc.a(_udivmoddi4.o)
 .data          0x0000000000000000        0x0 /usr/bin/../lib/gcc/arm-none-eabi/7.3.1/thumb/v7-m/libgcc.a(_dvmd_tls.o)
 .bss           0x0000000000000000        0x0 /usr/bin/../lib/gcc/arm-none-eabi/7.3.1/thumb/v7-m/libgcc.a(_dvmd_tls.o)

Memory Configuration

Name             Origin             Length             Attributes
rom              0x0000000008000000 0x0000000000010000 xr
ram              0x0000000020000000 0x0000000000005000 xrw
nul              0x0000000020005000 0x0000000000000000 xrw
*default*        0x0000000000000000 0xffffffffffffffff

Linker script and memory map

LOAD /usr/bin/../lib/gcc/arm-none-eabi/7.3.1/thumb/v7-m/libgcc.a
LOAD NRF24L01/NRF24L01Plus.o
LOAD NRF24L01/RXPipe.o
LOAD NRF24L01/RXPipeAll.o
LOAD SPI/spi_base.o
LOAD SPI/spi_bitbang.o
LOAD hwlib.o
LOAD main.o
LOAD bmptk_cortex.o
LOAD bmptk_heap_none.o
LOAD bmptk_fixed_size_stack.o
LOAD /usr/bin/../lib/gcc/arm-none-eabi/7.3.1/../../../../arm-none-eabi/lib/thumb/v7-m/libm.a
LOAD /usr/bin/../lib/gcc/arm-none-eabi/7.3.1/thumb/v7-m/libgcc.a
LOAD /usr/bin/../lib/gcc/arm-none-eabi/7.3.1/../../../../arm-none-eabi/lib/thumb/v7-m/libc.a
                0x0000000008000000                __rom_start = ORIGIN (rom)
                0x0000000000010000                __rom_size = LENGTH (rom)
                0x0000000008010000                __rom_end = (__rom_start + __rom_size)
                0x0000000020000000                __ram_start = ORIGIN (ram)
                0x0000000000005000                __ram_size = LENGTH (ram)
                0x0000000020005000                __ram_end = (__ram_start + __ram_size)
                [!provide]                        PROVIDE (__rom_start = __rom_start)
                [!provide]                        PROVIDE (__rom_size = __rom_size)
                [!provide]                        PROVIDE (__rom_end = __rom_end)
                [!provide]                        PROVIDE (__ram_start = __ram_start)
                [!provide]                        PROVIDE (__ram_size = __ram_size)
                [!provide]                        PROVIDE (__ram_end = __ram_end)

.text           0x0000000008000000      0xdf4
                0x0000000008000000                . = ALIGN (0x4)
                0x0000000008000000                __text_start = .
                [!provide]                        PROVIDE (__text_start = __text_start)
                0x0000000008000000                . = ALIGN (0x4)
 *(.vectors)
 .vectors       0x0000000008000000       0x20 bmptk_cortex.o
                0x0000000008000000                __vectors
                0x0000000008000020                . = ALIGN (0x4)
 *(.text .text.* .gnu.linkonce.t.*)
 .text._ZN11stm32f103c88pin_infoENS_4pinsE
                0x0000000008000020       0x20 NRF24L01/NRF24L01Plus.o
                0x0000000008000020                stm32f103c8::pin_info(stm32f103c8::pins)
 .text._ZN11stm32f103c814port_registersEm
                0x0000000008000040       0x48 NRF24L01/NRF24L01Plus.o
                0x0000000008000040                stm32f103c8::port_registers(unsigned long)
 .text._ZN11stm32f103c812ticks_per_usEv
                0x0000000008000088        0x6 NRF24L01/NRF24L01Plus.o
                0x0000000008000088                stm32f103c8::ticks_per_us()
 *fill*         0x000000000800008e        0x2 
 .text._ZN11stm32f103c89now_ticksEv
                0x0000000008000090       0x64 NRF24L01/NRF24L01Plus.o
                0x0000000008000090                stm32f103c8::now_ticks()
 .text._ZN8NRF24L0112NRF24L01PlusC2ERN8hwlib_ex12spi_base_busERN5hwlib7pin_outES6_
                0x00000000080000f4       0x18 NRF24L01/NRF24L01Plus.o
                0x00000000080000f4                NRF24L01::NRF24L01Plus::NRF24L01Plus(hwlib_ex::spi_base_bus&, hwlib::pin_out&, hwlib::pin_out&)
                0x00000000080000f4                NRF24L01::NRF24L01Plus::NRF24L01Plus(hwlib_ex::spi_base_bus&, hwlib::pin_out&, hwlib::pin_out&)
 .text._ZN8NRF24L0112NRF24L01Plus12send_commandERKhPhS2_S3_b
                0x000000000800010c       0x48 NRF24L01/NRF24L01Plus.o
                0x000000000800010c                NRF24L01::NRF24L01Plus::send_command(unsigned char const&, unsigned char*, unsigned char const&, unsigned char*, bool)
 .text._ZN8NRF24L0112NRF24L01Plus14register_bytesERKh
                0x0000000008000154       0x18 NRF24L01/NRF24L01Plus.o
                0x0000000008000154                NRF24L01::NRF24L01Plus::register_bytes(unsigned char const&)
 .text._ZN8NRF24L0112NRF24L01Plus13read_registerERKhPhb
                0x000000000800016c       0x2c NRF24L01/NRF24L01Plus.o
                0x000000000800016c                NRF24L01::NRF24L01Plus::read_register(unsigned char const&, unsigned char*, bool)
 .text._ZN8NRF24L0112NRF24L01Plus14write_registerERKhPhb
                0x0000000008000198       0x34 NRF24L01/NRF24L01Plus.o
                0x0000000008000198                NRF24L01::NRF24L01Plus::write_register(unsigned char const&, unsigned char*, bool)
 .text._ZN8NRF24L0112NRF24L01Plus15read_rx_payloadEPh
                0x00000000080001cc       0x24 NRF24L01/NRF24L01Plus.o
                0x00000000080001cc                NRF24L01::NRF24L01Plus::read_rx_payload(unsigned char*)
 .text._ZN8NRF24L0112NRF24L01Plus14write_registerERKhh
                0x00000000080001f0       0x14 NRF24L01/NRF24L01Plus.o
                0x00000000080001f0                NRF24L01::NRF24L01Plus::write_register(unsigned char const&, unsigned char)
 .text._ZN8NRF24L0112NRF24L01Plus15auto_retransmitEhh
                0x0000000008000204       0x10 NRF24L01/NRF24L01Plus.o
                0x0000000008000204                NRF24L01::NRF24L01Plus::auto_retransmit(unsigned char, unsigned char)
 .text._ZN8NRF24L0112NRF24L01Plus11set_channelEh
                0x0000000008000214       0x10 NRF24L01/NRF24L01Plus.o
                0x0000000008000214                NRF24L01::NRF24L01Plus::set_channel(unsigned char)
 .text._ZN8NRF24L0112NRF24L01Plus14set_tx_addressEPh
                0x0000000008000224       0x10 NRF24L01/NRF24L01Plus.o
                0x0000000008000224                NRF24L01::NRF24L01Plus::set_tx_address(unsigned char*)
 .text._ZN8NRF24L0112NRF24L01Plus8set_modeEh
                0x0000000008000234       0x84 NRF24L01/NRF24L01Plus.o
                0x0000000008000234                NRF24L01::NRF24L01Plus::set_mode(unsigned char)
 .text._ZN8NRF24L0112NRF24L01Plus5powerEb
                0x00000000080002b8       0x3c NRF24L01/NRF24L01Plus.o
                0x00000000080002b8                NRF24L01::NRF24L01Plus::power(bool)
 .text._ZN8NRF24L016RXPipe7enabledEb
                0x00000000080002f4       0x44 NRF24L01/RXPipe.o
                0x00000000080002f4                NRF24L01::RXPipe::enabled(bool)
 .text._ZN8NRF24L016RXPipe10setAddressEPh
                0x0000000008000338       0x20 NRF24L01/RXPipe.o
                0x0000000008000338                NRF24L01::RXPipe::setAddress(unsigned char*)
 .text._ZN8NRF24L016RXPipe15setPayloadWidthERKh
                0x0000000008000358       0x22 NRF24L01/RXPipe.o
                0x0000000008000358                NRF24L01::RXPipe::setPayloadWidth(unsigned char const&)
 .text._ZN8NRF24L019RXPipeAllC2ERNS_12NRF24L01PlusE
                0x000000000800037a        0x4 NRF24L01/RXPipeAll.o
                0x000000000800037a                NRF24L01::RXPipeAll::RXPipeAll(NRF24L01::NRF24L01Plus&)
                0x000000000800037a                NRF24L01::RXPipeAll::RXPipeAll(NRF24L01::NRF24L01Plus&)
 *fill*         0x000000000800037e        0x2 
 .text._ZN8NRF24L019RXPipeAll20auto_acknowledgementEb
                0x0000000008000380       0x18 NRF24L01/RXPipeAll.o
                0x0000000008000380                NRF24L01::RXPipeAll::auto_acknowledgement(bool)
 .text._ZN8NRF24L019RXPipeAll7enabledEb
                0x0000000008000398       0x18 NRF24L01/RXPipeAll.o
                0x0000000008000398                NRF24L01::RXPipeAll::enabled(bool)
 .text._ZN8NRF24L019RXPipeAll22setDynamicPacketLengthEb
                0x00000000080003b0       0x18 NRF24L01/RXPipeAll.o
                0x00000000080003b0                NRF24L01::RXPipeAll::setDynamicPacketLength(bool)
 .text._ZN8hwlib_ex12spi_base_bus7onStartERNS0_15spi_transactionE
                0x00000000080003c8        0xa SPI/spi_base.o
                0x00000000080003c8                hwlib_ex::spi_base_bus::onStart(hwlib_ex::spi_base_bus::spi_transaction&)
 .text._ZN8hwlib_ex12spi_base_bus5onEndERNS0_15spi_transactionE
                0x00000000080003d2        0xa SPI/spi_base.o
                0x00000000080003d2                hwlib_ex::spi_base_bus::onEnd(hwlib_ex::spi_base_bus::spi_transaction&)
 .text._ZN8hwlib_ex12spi_base_bus10write_readEjPKhPh
                0x00000000080003dc       0x56 SPI/spi_base.o
                0x00000000080003dc                hwlib_ex::spi_base_bus::write_read(unsigned int, unsigned char const*, unsigned char*)
 .text._ZN8hwlib_ex12spi_base_bus18write_read_reverseEjPKhPh
                0x0000000008000432       0x56 SPI/spi_base.o
                0x0000000008000432                hwlib_ex::spi_base_bus::write_read_reverse(unsigned int, unsigned char const*, unsigned char*)
 .text._ZN8hwlib_ex12spi_base_bus15spi_transaction18write_read_reverseEjPKhPh
                0x0000000008000488       0x10 SPI/spi_base.o
                0x0000000008000488                hwlib_ex::spi_base_bus::spi_transaction::write_read_reverse(unsigned int, unsigned char const*, unsigned char*)
 .text._ZN8hwlib_ex12spi_base_bus15spi_transaction10write_readEjPKhPh
                0x0000000008000498       0x10 SPI/spi_base.o
                0x0000000008000498                hwlib_ex::spi_base_bus::spi_transaction::write_read(unsigned int, unsigned char const*, unsigned char*)
 .text._ZN8hwlib_ex12spi_base_bus15spi_transactionC2ERS0_RN5hwlib7pin_outE
                0x00000000080004a8       0x16 SPI/spi_base.o
                0x00000000080004a8                hwlib_ex::spi_base_bus::spi_transaction::spi_transaction(hwlib_ex::spi_base_bus&, hwlib::pin_out&)
                0x00000000080004a8                hwlib_ex::spi_base_bus::spi_transaction::spi_transaction(hwlib_ex::spi_base_bus&, hwlib::pin_out&)
 .text._ZN8hwlib_ex12spi_base_bus15spi_transactionD2Ev
                0x00000000080004be       0x12 SPI/spi_base.o
                0x00000000080004be                hwlib_ex::spi_base_bus::spi_transaction::~spi_transaction()
                0x00000000080004be                hwlib_ex::spi_base_bus::spi_transaction::~spi_transaction()
 .text._ZN8hwlib_ex12spi_base_busC2ENS_8spi_modeE
                0x00000000080004d0       0x24 SPI/spi_base.o
                0x00000000080004d0                hwlib_ex::spi_base_bus::spi_base_bus(hwlib_ex::spi_mode)
                0x00000000080004d0                hwlib_ex::spi_base_bus::spi_base_bus(hwlib_ex::spi_mode)
 .text._ZN8hwlib_ex12spi_base_bus11transactionERN5hwlib7pin_outE
                0x00000000080004f4        0xc SPI/spi_base.o
                0x00000000080004f4                hwlib_ex::spi_base_bus::transaction(hwlib::pin_out&)
 .text._ZN8hwlib_ex8spi_modeC2Ehbm
                0x0000000008000500        0xa SPI/spi_base.o
                0x0000000008000500                hwlib_ex::spi_mode::spi_mode(unsigned char, bool, unsigned long)
                0x0000000008000500                hwlib_ex::spi_mode::spi_mode(unsigned char, bool, unsigned long)
 .text._ZN5hwlib20pin_direct_from_in_t4readEv
                0x000000000800050a       0x18 SPI/spi_bitbang.o
                0x000000000800050a                hwlib::pin_direct_from_in_t::read()
 .text._ZN5hwlib20pin_direct_from_in_t7refreshEv
                0x0000000008000522        0x2 SPI/spi_bitbang.o
                0x0000000008000522                hwlib::pin_direct_from_in_t::refresh()
 .text._ZN5hwlib21pin_direct_from_out_t5writeEb
                0x0000000008000524       0x18 SPI/spi_bitbang.o
                0x0000000008000524                hwlib::pin_direct_from_out_t::write(bool)
 .text._ZN5hwlib21pin_direct_from_out_t5flushEv
                0x000000000800053c        0x2 SPI/spi_bitbang.o
                0x000000000800053c                hwlib::pin_direct_from_out_t::flush()
 *fill*         0x000000000800053e        0x2 
 .text._ZN8hwlib_ex11spi_bitbangC2ERN5hwlib7pin_outES3_RNS1_6pin_inES3_RKNS_8spi_modeE
                0x0000000008000540       0x68 SPI/spi_bitbang.o
                0x0000000008000540                hwlib_ex::spi_bitbang::spi_bitbang(hwlib::pin_out&, hwlib::pin_out&, hwlib::pin_in&, hwlib::pin_out&, hwlib_ex::spi_mode const&)
                0x0000000008000540                hwlib_ex::spi_bitbang::spi_bitbang(hwlib::pin_out&, hwlib::pin_out&, hwlib::pin_in&, hwlib::pin_out&, hwlib_ex::spi_mode const&)
 .text._ZN8hwlib_ex11spi_bitbang16wait_half_periodEv
                0x00000000080005a8        0x6 SPI/spi_bitbang.o
                0x00000000080005a8                hwlib_ex::spi_bitbang::wait_half_period()
 .text._ZN8hwlib_ex11spi_bitbang15write_read_byteERh
                0x00000000080005ae       0xb8 SPI/spi_bitbang.o
                0x00000000080005ae                hwlib_ex::spi_bitbang::write_read_byte(unsigned char&)
 .text._ZN8hwlib_ex11spi_bitbang10write_readEjPKhPh
                0x0000000008000666       0x48 SPI/spi_bitbang.o
                0x0000000008000666                hwlib_ex::spi_bitbang::write_read(unsigned int, unsigned char const*, unsigned char*)
 .text._ZN8hwlib_ex11spi_bitbang18write_read_reverseEjPKhPh
                0x00000000080006ae       0x50 SPI/spi_bitbang.o
                0x00000000080006ae                hwlib_ex::spi_bitbang::write_read_reverse(unsigned int, unsigned char const*, unsigned char*)
 .text._ZN5hwlib5panicEPKcj
                0x00000000080006fe        0x2 hwlib.o
                0x00000000080006fe                hwlib::panic(char const*, unsigned int)
 .text._ZN5hwlib6now_usEv
                0x0000000008000700       0x1c hwlib.o
                0x0000000008000700                hwlib::now_us()
 .text._ZN5hwlib12wait_us_busyEi
                0x000000000800071c       0x1c hwlib.o
                0x000000000800071c                hwlib::wait_us_busy(int)
 .text._ZN5hwlib7wait_usEi
                0x0000000008000738        0x4 hwlib.o
                0x0000000008000738                hwlib::wait_us(int)
 .text._ZN5hwlib12wait_ns_busyEi
                0x000000000800073c       0x10 hwlib.o
                0x000000000800073c                hwlib::wait_ns_busy(int)
 .text._ZN5hwlib7wait_nsEi
                0x000000000800074c        0x8 hwlib.o
                0x000000000800074c                hwlib::wait_ns(int)
 .text._ZN5hwlib12wait_ms_busyEi
                0x0000000008000754       0x16 hwlib.o
                0x0000000008000754                hwlib::wait_ms_busy(int)
 .text._ZN5hwlib7wait_msEi
                0x000000000800076a        0x8 hwlib.o
                0x000000000800076a                hwlib::wait_ms(int)
 .text._ZN5hwlib6pin_in7refreshEv
                0x0000000008000772        0x2 main.o
                0x0000000008000772                hwlib::pin_in::refresh()
 .text._ZN11stm32f103c86pin_in4readEv
                0x0000000008000774       0x10 main.o
                0x0000000008000774                stm32f103c8::pin_in::read()
 .text._ZN11stm32f103c86pin_in7refreshEv
                0x0000000008000784        0x2 main.o
                0x0000000008000784                stm32f103c8::pin_in::refresh()
 .text._ZN11stm32f103c87pin_out5writeEb
                0x0000000008000786       0x12 main.o
                0x0000000008000786                stm32f103c8::pin_out::write(bool)
 .text._ZN11stm32f103c87pin_out5flushEv
                0x0000000008000798        0x2 main.o
                0x0000000008000798                stm32f103c8::pin_out::flush()
 .text._ZN11stm32f103c88pin_baseC2Emmm
                0x000000000800079a       0x46 main.o
                0x000000000800079a                stm32f103c8::pin_base::pin_base(unsigned long, unsigned long, unsigned long)
                0x000000000800079a                stm32f103c8::pin_base::pin_base(unsigned long, unsigned long, unsigned long)
 .text._ZN11stm32f103c87pin_outC2ENS_4pinsE
                0x00000000080007e0       0x38 main.o
                0x00000000080007e0                stm32f103c8::pin_out::pin_out(stm32f103c8::pins)
                0x00000000080007e0                stm32f103c8::pin_out::pin_out(stm32f103c8::pins)
 .text._Z7receiveRN8NRF24L0112NRF24L01PlusERN5hwlib7pin_outE
                0x0000000008000818       0x54 main.o
                0x0000000008000818                receive(NRF24L01::NRF24L01Plus&, hwlib::pin_out&)
 .text.startup.main
                0x000000000800086c       0xf8 main.o
                0x000000000800086c                main
 .text.__startup
                0x0000000008000964       0x48 bmptk_cortex.o
                0x0000000008000964                __startup
 .text.__cxa_pure_virtual
                0x00000000080009ac        0x2 bmptk_cortex.o
                0x00000000080009ac                __cxa_pure_virtual
 *fill*         0x00000000080009ae        0x2 
 .text          0x00000000080009b0       0x30 /usr/bin/../lib/gcc/arm-none-eabi/7.3.1/thumb/v7-m/libgcc.a(_aeabi_uldivmod.o)
                0x00000000080009b0                __aeabi_uldivmod
 .text          0x00000000080009e0      0x2d0 /usr/bin/../lib/gcc/arm-none-eabi/7.3.1/thumb/v7-m/libgcc.a(_udivmoddi4.o)
                0x00000000080009e0                __udivmoddi4
 .text          0x0000000008000cb0        0x4 /usr/bin/../lib/gcc/arm-none-eabi/7.3.1/thumb/v7-m/libgcc.a(_dvmd_tls.o)
                0x0000000008000cb0                __aeabi_ldiv0
                0x0000000008000cb4                . = ALIGN (0x4)
 *(.glue_7t .glue_7)
 .glue_7        0x0000000008000cb4        0x0 linker stubs
 .glue_7t       0x0000000008000cb4        0x0 linker stubs
                0x0000000008000cb4                . = ALIGN (0x4)
 *(.rodata .rodata.* .gnu.linkonce.r.*)
 .rodata._ZN8NRF24L0115NRF_INSTRUCTION12R_RX_PAYLOADE
                0x0000000008000cb4        0x1 NRF24L01/NRF24L01Plus.o
                0x0000000008000cb4                NRF24L01::NRF_INSTRUCTION::R_RX_PAYLOAD
 .rodata._ZN8NRF24L0112NRF_REGISTER7TX_ADDRE
                0x0000000008000cb5        0x1 NRF24L01/NRF24L01Plus.o
                0x0000000008000cb5                NRF24L01::NRF_REGISTER::TX_ADDR
 .rodata._ZN8NRF24L0112NRF_REGISTER5RF_CHE
                0x0000000008000cb6        0x1 NRF24L01/NRF24L01Plus.o
                0x0000000008000cb6                NRF24L01::NRF_REGISTER::RF_CH
 .rodata._ZN8NRF24L0112NRF_REGISTER10SETUP_RETRE
                0x0000000008000cb7        0x1 NRF24L01/NRF24L01Plus.o
                0x0000000008000cb7                NRF24L01::NRF_REGISTER::SETUP_RETR
 .rodata._ZN8NRF24L0112NRF_REGISTER6CONFIGE
                0x0000000008000cb8        0x1 NRF24L01/NRF24L01Plus.o
                0x0000000008000cb8                NRF24L01::NRF_REGISTER::CONFIG
 .rodata._ZN11stm32f103c88pin_infoENS_4pinsE.str1.1
                0x0000000008000cb9       0x39 NRF24L01/NRF24L01Plus.o
 .rodata._ZZN11stm32f103c88pin_infoENS_4pinsEE14pin_info_array
                0x0000000008000cf2       0x62 NRF24L01/NRF24L01Plus.o
 .rodata._ZN8NRF24L0112NRF_REGISTER5DYNPDE
                0x0000000008000d54        0x1 NRF24L01/RXPipe.o
                0x0000000008000d54                NRF24L01::NRF_REGISTER::DYNPD
 .rodata._ZN8NRF24L0112NRF_REGISTER10RX_ADDR_P0E
                0x0000000008000d55        0x1 NRF24L01/RXPipe.o
                0x0000000008000d55                NRF24L01::NRF_REGISTER::RX_ADDR_P0
 .rodata._ZN8NRF24L0112NRF_REGISTER9EN_RXADDRE
                0x0000000008000d56        0x1 NRF24L01/RXPipe.o
                0x0000000008000d56                NRF24L01::NRF_REGISTER::EN_RXADDR
 .rodata._ZN8NRF24L0112NRF_REGISTER5EN_AAE
                0x0000000008000d57        0x1 NRF24L01/RXPipe.o
                0x0000000008000d57                NRF24L01::NRF_REGISTER::EN_AA
 .rodata._ZTVN8hwlib_ex12spi_base_busE
                0x0000000008000d58       0x18 SPI/spi_base.o
                0x0000000008000d58                vtable for hwlib_ex::spi_base_bus
 .rodata._ZTVN5hwlib20pin_direct_from_in_tE
                0x0000000008000d70       0x10 SPI/spi_bitbang.o
                0x0000000008000d70                vtable for hwlib::pin_direct_from_in_t
 .rodata._ZTVN5hwlib21pin_direct_from_out_tE
                0x0000000008000d80       0x10 SPI/spi_bitbang.o
                0x0000000008000d80                vtable for hwlib::pin_direct_from_out_t
 .rodata._ZTVN8hwlib_ex11spi_bitbangE
                0x0000000008000d90       0x18 SPI/spi_bitbang.o
                0x0000000008000d90                vtable for hwlib_ex::spi_bitbang
 .rodata._ZTVN5hwlib6pin_inE
                0x0000000008000da8       0x10 main.o
                0x0000000008000da8                vtable for hwlib::pin_in
 .rodata._ZTVN5hwlib7pin_outE
                0x0000000008000db8       0x10 main.o
                0x0000000008000db8                vtable for hwlib::pin_out
 .rodata._ZTVN11stm32f103c86pin_inE
                0x0000000008000dc8       0x10 main.o
                0x0000000008000dc8                vtable for stm32f103c8::pin_in
 .rodata._ZTVN11stm32f103c87pin_outE
                0x0000000008000dd8       0x10 main.o
                0x0000000008000dd8                vtable for stm32f103c8::pin_out
 .rodata._ZN8NRF24L0112NRF_REGISTER11FIFO_STATUSE
                0x0000000008000de8        0x1 main.o
                0x0000000008000de8                NRF24L01::NRF_REGISTER::FIFO_STATUS
 .rodata        0x0000000008000de9        0xb main.o
                0x0000000008000df4                . = ALIGN (0x4)
 *(.ARM.extab* .gnu.linkonce.armextab.*)
                0x0000000008000df4                . = ALIGN (0x4)
 *(.gcc_except_table)
                0x0000000008000df4                . = ALIGN (0x4)
 *(.eh_frame_hdr)
                0x0000000008000df4                . = ALIGN (0x4)
 *(.eh_frame)
                0x0000000008000df4                . = ALIGN (0x4)
                0x0000000008000df4                __text_end = .
                [!provide]                        PROVIDE (__text_end = __text_end)

.vfp11_veneer   0x0000000008000df4        0x0
 .vfp11_veneer  0x0000000008000df4        0x0 linker stubs

.v4_bx          0x0000000008000df4        0x0
 .v4_bx         0x0000000008000df4        0x0 linker stubs

.iplt           0x0000000008000df4        0x0
 .iplt          0x0000000008000df4        0x0 NRF24L01/NRF24L01Plus.o

.IF_YOU_SEE_THIS_YOU_HAVE_ONE_OR_MORE_GLOBAL_OBJECT_CONSTRUCTORS
 *(.init)
 *(.preinit_array)
 *(SORT_BY_NAME(.init_array.*))
 *(.init_array)
                0x0000000008000df4                . = ALIGN (0x4)
                0x0000000008000df4                __exidx_start = .
                [!provide]                        PROVIDE (__exidx_start = __exidx_start)

.ARM.exidx      0x0000000008000df4        0x8
 *(.ARM.exidx* .gnu.linkonce.armexidx.*)
 .ARM.exidx     0x0000000008000df4        0x8 /usr/bin/../lib/gcc/arm-none-eabi/7.3.1/thumb/v7-m/libgcc.a(_udivmoddi4.o)

.rel.dyn        0x0000000008000dfc        0x0
 .rel.iplt      0x0000000008000dfc        0x0 NRF24L01/NRF24L01Plus.o
                0x0000000008000dfc                . = ALIGN (0x4)
                0x0000000008000dfc                __exidx_end = .
                [!provide]                        PROVIDE (__exidx_end = __exidx_end)

.bss            0x0000000020000000     0x1810
                0x0000000020000000                . = ALIGN (0x4)
                0x0000000020000000                __stack_start = .
                [!provide]                        PROVIDE (__stack_start = __stack_start)
                0x0000000020000000                . = ALIGN (0x4)
 *(.bmptk_stack)
 .bmptk_stack   0x0000000020000000     0x1800 bmptk_fixed_size_stack.o
                0x0000000020000000                bmptk_stack
                0x0000000020001800                . = ALIGN (0x8)
                0x0000000020001800                __main_stack_end = .
                [!provide]                        PROVIDE (__main_stack_end = __main_stack_end)
                0x0000000020001800                . = ALIGN (0x4)
                0x0000000020001800                __stack_end = .
                [!provide]                        PROVIDE (__stack_end = __stack_end)
                0x0000000020001800                . = ALIGN (0x4)
                0x0000000020001800                __bss_start = .
                [!provide]                        PROVIDE (__bss_start = __bss_start)
                0x0000000020001800                . = ALIGN (0x4)
 *(.bss .bss.* .gnu.linkonce.b.*)
 .bss._ZZN11stm32f103c89now_ticksEvE4high
                0x0000000020001800        0x8 NRF24L01/NRF24L01Plus.o
 .bss._ZZN11stm32f103c89now_ticksEvE8last_low
                0x0000000020001808        0x4 NRF24L01/NRF24L01Plus.o
 .bss._ZZN11stm32f103c89now_ticksEvE9init_done
                0x000000002000180c        0x1 NRF24L01/NRF24L01Plus.o
                0x0000000020001810                . = ALIGN (0x4)
 *fill*         0x000000002000180d        0x3 
 *(COMMON)
                0x0000000020001810                . = ALIGN (0x4)
                0x0000000020001810                __bss_end = .
                [!provide]                        PROVIDE (__bss_end = __bss_end)

.data           0x0000000020001810        0x0 load address 0x0000000008000dfc
                0x0000000020001810                . = ALIGN (0x4)
                0x0000000008000dfc                __data_init_start = LOADADDR (.data)
                [!provide]                        PROVIDE (__data_init_start = __data_init_start)
                0x0000000020001810                __data_start = .
                [!provide]                        PROVIDE (__data_start = __data_start)
                0x0000000020001810                . = ALIGN (0x4)
 *(.data .data.* .gnu.linkonce.d.*)
                0x0000000020001810                . = ALIGN (0x4)
                0x0000000020001810                __data_end = .
                [!provide]                        PROVIDE (__data_end = __data_end)
                0x0000000008000dfc                __data_init_end = LOADADDR (.data)
                [!provide]                        PROVIDE (__data_init_end = __data_init_end)
                [!provide]                        PROVIDE (__data_size = (__data_end - __data_start))
                [!provide]                        PROVIDE (__data_init_size = __data_size)
                [!provide]                        PROVIDE (__data_init_end = (__data_init_start + __data_init_size))

.igot.plt       0x0000000020001810        0x0 load address 0x0000000008000dfc
 .igot.plt      0x0000000020001810        0x0 NRF24L01/NRF24L01Plus.o
                0x0000000020001810                . = ALIGN (0x4)
                0x0000000020001810                __heap_start = .
                [!provide]                        PROVIDE (__heap_start = __heap_start)
                0x0000000020001810                . = ALIGN (0x4)
                0x0000000020005000                __heap_end = __ram_end
                [!provide]                        PROVIDE (__heap_end = __heap_end)

.stab
 *(.stab)

.stabstr
 *(.stabstr)

.debug
 *(.debug)

.line
 *(.line)

.debug_srcinfo
 *(.debug_srcinfo)

.debug_sfnames
 *(.debug_sfnames)

.debug_aranges
 *(.debug_aranges)

.debug_pubnames
 *(.debug_pubnames)

.debug_info
 *(.debug_info .gnu.linkonce.wi.*)

.debug_abbrev
 *(.debug_abbrev)

.debug_line
 *(.debug_line)

.debug_frame    0x0000000000000000       0x60
 *(.debug_frame)
 .debug_frame   0x0000000000000000       0x2c /usr/bin/../lib/gcc/arm-none-eabi/7.3.1/thumb/v7-m/libgcc.a(_aeabi_uldivmod.o)
 .debug_frame   0x000000000000002c       0x34 /usr/bin/../lib/gcc/arm-none-eabi/7.3.1/thumb/v7-m/libgcc.a(_udivmoddi4.o)

.comment        0x0000000000000000       0x7f
 .comment       0x0000000000000000       0x7f NRF24L01/NRF24L01Plus.o
                                         0x80 (size before relaxing)
 .comment       0x000000000000007f       0x80 NRF24L01/RXPipe.o
 .comment       0x000000000000007f       0x80 NRF24L01/RXPipeAll.o
 .comment       0x000000000000007f       0x80 SPI/spi_base.o
 .comment       0x000000000000007f       0x80 SPI/spi_bitbang.o
 .comment       0x000000000000007f       0x80 hwlib.o
 .comment       0x000000000000007f       0x80 main.o
 .comment       0x000000000000007f       0x80 bmptk_cortex.o
 .comment       0x000000000000007f       0x80 bmptk_fixed_size_stack.o

.debug_str
 *(.debug_str)

.debug_loc
 *(.debug_loc)

.debug_macinfo
 *(.debug_macinfo)

.debug_weaknames
 *(.debug_weaknames)

.debug_funcnames
 *(.debug_funcnames)

.debug_typenames
 *(.debug_typenames)

.debug_varnames
 *(.debug_varnames)

.note.gnu.arm.ident
 *(.note.gnu.arm.ident)

.ARM.attributes
                0x0000000000000000       0x33
 *(.ARM.attributes)
 .ARM.attributes
                0x0000000000000000       0x33 NRF24L01/NRF24L01Plus.o
 .ARM.attributes
                0x0000000000000033       0x33 NRF24L01/RXPipe.o
 .ARM.attributes
                0x0000000000000066       0x33 NRF24L01/RXPipeAll.o
 .ARM.attributes
                0x0000000000000099       0x33 SPI/spi_base.o
 .ARM.attributes
                0x00000000000000cc       0x33 SPI/spi_bitbang.o
 .ARM.attributes
                0x00000000000000ff       0x33 hwlib.o
 .ARM.attributes
                0x0000000000000132       0x33 main.o
 .ARM.attributes
                0x0000000000000165       0x33 bmptk_cortex.o
 .ARM.attributes
                0x0000000000000198       0x33 bmptk_heap_none.o
 .ARM.attributes
                0x00000000000001cb       0x33 bmptk_fixed_size_stack.o
 .ARM.attributes
                0x00000000000001fe       0x1d /usr/bin/../lib/gcc/arm-none-eabi/7.3.1/thumb/v7-m/libgcc.a(_aeabi_uldivmod.o)
 .ARM.attributes
                0x000000000000021b       0x2d /usr/bin/../lib/gcc/arm-none-eabi/7.3.1/thumb/v7-m/libgcc.a(_udivmoddi4.o)
 .ARM.attributes
                0x0000000000000248       0x1d /usr/bin/../lib/gcc/arm-none-eabi/7.3.1/thumb/v7-m/libgcc.a(_dvmd_tls.o)

/DISCARD/
 *(.note.GNU-stack)
                [!provide]                        PROVIDE (__text_size = (__text_end - __text_start))
                [!provide]                        PROVIDE (__exidx_size = (__exidx_end - __exidx_start))
                [!provide]                        PROVIDE (__bss_size = (__bss_end - __bss_start))
                [!provide]                        PROVIDE (__stack_size = (__stack_end - __stack_start))
                [!provide]                        PROVIDE (__heap_size = (__heap_end - __heap_start))
OUTPUT(main.elf elf32-littlearm)
